Archive member included to satisfy reference by file (symbol)

/usr/lib/gcc/arm-none-eabi/13.2.1/thumb/v6-m/nofp/libgcc.a(_dvmd_tls.o)
                              CMakeFiles/wpa2_enterprise_interactive.dir/home/runner/work/pico-sdk/pico-sdk/src/rp2_common/pico_divider/divider_hardware.S.o (__aeabi_idiv0)
/usr/lib/gcc/arm-none-eabi/13.2.1/../../../arm-none-eabi/lib/thumb/v6-m/nofp/libg.a(libc_a-strncmp.o)
                              CMakeFiles/wpa2_enterprise_interactive.dir/home/runner/work/pico-sdk/pico-sdk/lib/lwip/src/core/def.c.o (strncmp)
/usr/lib/gcc/arm-none-eabi/13.2.1/../../../arm-none-eabi/lib/thumb/v6-m/nofp/libg.a(libc_a-stpcpy.o)
                              CMakeFiles/wpa2_enterprise_interactive.dir/wpa2_enterprise_interactive.c.o (stpcpy)
/usr/lib/gcc/arm-none-eabi/13.2.1/../../../arm-none-eabi/lib/thumb/v6-m/nofp/libg.a(libc_a-memmove.o)
                              CMakeFiles/wpa2_enterprise_interactive.dir/home/runner/work/pico-sdk/pico-sdk/lib/lwip/src/core/def.c.o (memmove)
/usr/lib/gcc/arm-none-eabi/13.2.1/../../../arm-none-eabi/lib/thumb/v6-m/nofp/libg.a(libc_a-calloc.o)
                              CMakeFiles/wpa2_enterprise_interactive.dir/home/runner/work/pico-sdk/pico-sdk/src/rp2_common/pico_malloc/malloc.c.o (calloc)
/usr/lib/gcc/arm-none-eabi/13.2.1/../../../arm-none-eabi/lib/thumb/v6-m/nofp/libg.a(libc_a-impure.o)
                              /usr/lib/gcc/arm-none-eabi/13.2.1/../../../arm-none-eabi/lib/thumb/v6-m/nofp/libg.a(libc_a-calloc.o) (_impure_ptr)
/usr/lib/gcc/arm-none-eabi/13.2.1/../../../arm-none-eabi/lib/thumb/v6-m/nofp/libg.a(libc_a-callocr.o)
                              /usr/lib/gcc/arm-none-eabi/13.2.1/../../../arm-none-eabi/lib/thumb/v6-m/nofp/libg.a(libc_a-calloc.o) (_calloc_r)
/usr/lib/gcc/arm-none-eabi/13.2.1/../../../arm-none-eabi/lib/thumb/v6-m/nofp/libg.a(libc_a-realloc.o)
                              CMakeFiles/wpa2_enterprise_interactive.dir/home/runner/work/pico-sdk/pico-sdk/src/rp2_common/pico_malloc/malloc.c.o (realloc)
/usr/lib/gcc/arm-none-eabi/13.2.1/../../../arm-none-eabi/lib/thumb/v6-m/nofp/libg.a(libc_a-mallocr.o)
                              /usr/lib/gcc/arm-none-eabi/13.2.1/../../../arm-none-eabi/lib/thumb/v6-m/nofp/libg.a(libc_a-callocr.o) (_malloc_r)
/usr/lib/gcc/arm-none-eabi/13.2.1/../../../arm-none-eabi/lib/thumb/v6-m/nofp/libg.a(libc_a-freer.o)
                              /usr/lib/gcc/arm-none-eabi/13.2.1/../../../arm-none-eabi/lib/thumb/v6-m/nofp/libg.a(libc_a-mallocr.o) (_free_r)
/usr/lib/gcc/arm-none-eabi/13.2.1/../../../arm-none-eabi/lib/thumb/v6-m/nofp/libg.a(libc_a-memcmp.o)
                              CMakeFiles/wpa2_enterprise_interactive.dir/home/runner/work/pico-sdk/pico-sdk/src/rp2_common/pico_atomic/atomic.c.o (memcmp)
/usr/lib/gcc/arm-none-eabi/13.2.1/../../../arm-none-eabi/lib/thumb/v6-m/nofp/libg.a(libc_a-atoi.o)
                              CMakeFiles/wpa2_enterprise_interactive.dir/wpa2_enterprise_interactive.c.o (atoi)
/usr/lib/gcc/arm-none-eabi/13.2.1/../../../arm-none-eabi/lib/thumb/v6-m/nofp/libg.a(libc_a-strtol.o)
                              /usr/lib/gcc/arm-none-eabi/13.2.1/../../../arm-none-eabi/lib/thumb/v6-m/nofp/libg.a(libc_a-atoi.o) (_strtol_r)
/usr/lib/gcc/arm-none-eabi/13.2.1/../../../arm-none-eabi/lib/thumb/v6-m/nofp/libg.a(libc_a-malloc.o)
                              CMakeFiles/wpa2_enterprise_interactive.dir/home/runner/work/pico-sdk/pico-sdk/src/rp2_common/pico_malloc/malloc.c.o (malloc)
/usr/lib/gcc/arm-none-eabi/13.2.1/../../../arm-none-eabi/lib/thumb/v6-m/nofp/libg.a(libc_a-sysconf.o)
                              /usr/lib/gcc/arm-none-eabi/13.2.1/../../../arm-none-eabi/lib/thumb/v6-m/nofp/libg.a(libc_a-mallocr.o) (sysconf)
/usr/lib/gcc/arm-none-eabi/13.2.1/../../../arm-none-eabi/lib/thumb/v6-m/nofp/libg.a(libc_a-init.o)
                              /usr/lib/gcc/arm-none-eabi/13.2.1/../../../arm-none-eabi/lib/thumb/v6-m/nofp/crt0.o (__libc_init_array)
/usr/lib/gcc/arm-none-eabi/13.2.1/../../../arm-none-eabi/lib/thumb/v6-m/nofp/libg.a(libc_a-reallocr.o)
                              /usr/lib/gcc/arm-none-eabi/13.2.1/../../../arm-none-eabi/lib/thumb/v6-m/nofp/libg.a(libc_a-realloc.o) (_realloc_r)
/usr/lib/gcc/arm-none-eabi/13.2.1/../../../arm-none-eabi/lib/thumb/v6-m/nofp/libg.a(libc_a-mktime.o)
                              CMakeFiles/wpa2_enterprise_interactive.dir/home/runner/work/pico-sdk/pico-sdk/src/common/pico_util/datetime.c.o (mktime)
/usr/lib/gcc/arm-none-eabi/13.2.1/../../../arm-none-eabi/lib/thumb/v6-m/nofp/libg.a(libc_a-mlock.o)
                              /usr/lib/gcc/arm-none-eabi/13.2.1/../../../arm-none-eabi/lib/thumb/v6-m/nofp/libg.a(libc_a-mallocr.o) (__malloc_lock)
/usr/lib/gcc/arm-none-eabi/13.2.1/../../../arm-none-eabi/lib/thumb/v6-m/nofp/libg.a(libc_a-findfp.o)
                              /usr/lib/gcc/arm-none-eabi/13.2.1/../../../arm-none-eabi/lib/thumb/v6-m/nofp/libg.a(libc_a-impure.o) (__sf)
[...]
Memory Configuration

Name             Origin             Length             Attributes
FLASH            0x10000000         0x00200000         xr
RAM              0x20000000         0x00040000         xrw
SCRATCH_X        0x20040000         0x00001000         xrw
SCRATCH_Y        0x20041000         0x00001000         xrw
*default*        0x00000000         0xffffffff

Linker script and memory map

LOAD /usr/lib/gcc/arm-none-eabi/13.2.1/thumb/v6-m/nofp/crti.o
LOAD /usr/lib/gcc/arm-none-eabi/13.2.1/thumb/v6-m/nofp/crtbegin.o
LOAD /usr/lib/gcc/arm-none-eabi/13.2.1/../../../arm-none-eabi/lib/thumb/v6-m/nofp/crt0.o

.flash_begin    0x10000000        0x0
                0x10000000                        __flash_binary_start = .

.boot2          0x10000000      0x100
                0x10000000                        __boot2_start__ = .
 *(.boot2)
 .boot2         0x10000000      0x100 pico-sdk/src/rp2040/boot_stage2/CMakeFiles/bs2_default_library.dir/bs2_default_padded_checksummed.S.o
                0x10000100                        __boot2_end__ = .
                0x00000001                        ASSERT (((__boot2_end__ - __boot2_start__) == 0x100), ERROR: Pico second stage bootloader must be 256 bytes in size)

.text           0x10000100    0x17148
                0x10000100                        __logical_binary_start = .
 *(.vectors)
 .vectors       0x10000100       0xd4 CMakeFiles/wpa2_enterprise_interactive.dir/home/runner/work/pico-sdk/pico-sdk/src/rp2_common/pico_crt0/crt0.S.o
                0x10000100                __vectors
                0x10000100                __VECTOR_TABLE
                0x100001c0                isr_irq30
                0x100001c0                __unhandled_user_irq
                0x100001c0                isr_irq13
                0x100001c0                isr_irq27
                0x100001c0                isr_irq31
                0x100001c0                isr_irq5
                0x100001c0                isr_irq11
                0x100001c0                isr_irq23
                0x100001c0                isr_irq18
                0x100001c0                isr_irq28
                0x100001c0                isr_irq19
                0x100001c0                isr_irq0
                0x100001c0                isr_irq6
                0x100001c0                isr_irq22
                0x100001c0                isr_irq17
                0x100001c0                isr_irq14
                0x100001c0                __vectors_end
                0x100001c0                __default_isrs_start
                0x100001c0                isr_irq2
                0x100001c0                isr_irq10
                0x100001c0                isr_irq8
                0x100001c0                isr_irq24
                0x100001c0                isr_irq1
                0x100001c0                isr_irq7
                0x100001c0                isr_irq21
                0x100001c0                isr_irq20
                0x100001c0                isr_irq15
                0x100001c0                isr_irq25
                0x100001c0                isr_irq4
                0x100001c0                isr_irq16
                0x100001c0                isr_irq29
                0x100001c0                isr_irq26
                0x100001c0                isr_irq3
                0x100001c0                isr_irq12
                0x100001c0                isr_irq9
                0x100001c6                unhandled_user_irq_num_in_r0
                0x100001c8                isr_invalid
                0x100001ca                isr_nmi
                0x100001cc                isr_hardfault
                0x100001ce                isr_svcall
                0x100001d0                isr_pendsv
                0x100001d2                isr_systick
                0x100001d4                __default_isrs_end
 *(.binary_info_header)
 .binary_info_header
                0x100001d4       0x14 CMakeFiles/wpa2_enterprise_interactive.dir/home/runner/work/pico-sdk/pico-sdk/src/rp2_common/pico_crt0/crt0.S.o
                0x100001e8                        __binary_info_header_end = .
 *(.embedded_block)
                0x100001e8                        __embedded_block_end = .
 *(.reset)
 .reset         0x100001e8       0x9c CMakeFiles/wpa2_enterprise_interactive.dir/home/runner/work/pico-sdk/pico-sdk/src/rp2_common/pico_crt0/crt0.S.o
                0x100001e8                _entry_point
 *(.init)
 .init          0x10000284        0x4 /usr/lib/gcc/arm-none-eabi/13.2.1/thumb/v6-m/nofp/crti.o
                0x10000284                _init
 *(EXCLUDE_FILE(*libm.a: *libc.a:*lib_a-mem*.o *libgcc.a:) .text*)
 .text          0x10000288       0x98 /usr/lib/gcc/arm-none-eabi/13.2.1/thumb/v6-m/nofp/crtbegin.o
 .text.read_line.constprop.2.isra.0
                0x10000320       0xc0 CMakeFiles/wpa2_enterprise_interactive.dir/wpa2_enterprise_interactive.c.o
 .text.read_line
                0x100003e0       0xc8 CMakeFiles/wpa2_enterprise_interactive.dir/wpa2_enterprise_interactive.c.o
                0x100003e0                read_line
 .text.interactive_credential_setup
                0x100004a8      0x2bc CMakeFiles/wpa2_enterprise_interactive.dir/wpa2_enterprise_interactive.c.o
                0x100004a8                interactive_credential_setup
 .text.connect_with_runtime_credentials
                0x10000764      0x148 CMakeFiles/wpa2_enterprise_interactive.dir/wpa2_enterprise_interactive.c.o
                0x10000764                connect_with_runtime_credentials
 .text.show_menu
                0x100008ac       0x54 CMakeFiles/wpa2_enterprise_interactive.dir/wpa2_enterprise_interactive.c.o
                0x100008ac                show_menu
 .text.show_current_config
                0x10000900       0xb4 CMakeFiles/wpa2_enterprise_interactive.dir/wpa2_enterprise_interactive.c.o
                0x10000900                show_current_config
 .text.test_connection_status
                0x100009b4       0x90 CMakeFiles/wpa2_enterprise_interactive.dir/wpa2_enterprise_interactive.c.o
                0x100009b4                test_connection_status
 .text.startup.main
                0x10000a44      0x204 CMakeFiles/wpa2_enterprise_interactive.dir/wpa2_enterprise_interactive.c.o
                0x10000a44                main
 .text.gpio_set_function
                0x10000c48       0x34 CMakeFiles/wpa2_enterprise_interactive.dir/home/runner/work/pico-sdk/pico-sdk/src/rp2_common/hardware_gpio/gpio.c.o
                0x10000c48                gpio_set_function
 .text.gpio_set_pulls
                0x10000c7c       0x28 CMakeFiles/wpa2_enterprise_interactive.dir/home/runner/work/pico-sdk/pico-sdk/src/rp2_common/hardware_gpio/gpio.c.o
                0x10000c7c                gpio_set_pulls
 .text.gpio_set_input_hysteresis_enabled
                0x10000ca4       0x28 CMakeFiles/wpa2_enterprise_interactive.dir/home/runner/work/pico-sdk/pico-sdk/src/rp2_common/hardware_gpio/gpio.c.o
                0x10000ca4                gpio_set_input_hysteresis_enabled
 .text.gpio_set_irq_enabled
                0x10000ccc       0x58 CMakeFiles/wpa2_enterprise_interactive.dir/home/runner/work/pico-sdk/pico-sdk/src/rp2_common/hardware_gpio/gpio.c.o
                0x10000ccc                gpio_set_irq_enabled
 .text.gpio_add_raw_irq_handler_with_order_priority_masked
                0x10000d24       0x44 CMakeFiles/wpa2_enterprise_interactive.dir/home/runner/work/pico-sdk/pico-sdk/src/rp2_common/hardware_gpio/gpio.c.o
                0x10000d24                gpio_add_raw_irq_handler_with_order_priority_masked
 .text.gpio_remove_raw_irq_handler_masked
                0x10000d68       0x20 CMakeFiles/wpa2_enterprise_interactive.dir/home/runner/work/pico-sdk/pico-sdk/src/rp2_common/hardware_gpio/gpio.c.o
                0x10000d68                gpio_remove_raw_irq_handler_masked
 .text.gpio_init
                0x10000d88       0x40 CMakeFiles/wpa2_enterprise_interactive.dir/home/runner/work/pico-sdk/pico-sdk/src/rp2_common/hardware_gpio/gpio.c.o
                0x10000d88                gpio_init
 .text.rp2040_chip_version
                0x10000dc8        0xc CMakeFiles/wpa2_enterprise_interactive.dir/home/runner/work/pico-sdk/pico-sdk/src/rp2040/pico_platform/platform.c.o
                0x10000dc8                rp2040_chip_version
 .text.panic    0x10000dd4       0x30 CMakeFiles/wpa2_enterprise_interactive.dir/home/runner/work/pico-sdk/pico-sdk/src/rp2_common/pico_platform_panic/panic.c.o
                0x10000dd4                panic
 .text.hw_claim_lock
                0x10000e04       0x18 CMakeFiles/wpa2_enterprise_interactive.dir/home/runner/work/pico-sdk/pico-sdk/src/common/hardware_claim/claim.c.o
                0x10000e04                hw_claim_lock
 .text.hw_claim_unlock
                0x10000e1c       0x14 CMakeFiles/wpa2_enterprise_interactive.dir/home/runner/work/pico-sdk/pico-sdk/src/common/hardware_claim/claim.c.o
                0x10000e1c                hw_claim_unlock
 .text.hw_claim_or_assert
                0x10000e30       0x44 CMakeFiles/wpa2_enterprise_interactive.dir/home/runner/work/pico-sdk/pico-sdk/src/common/hardware_claim/claim.c.o
                0x10000e30                hw_claim_or_assert
 .text.hw_claim_unused_from_range
                0x10000e74       0x9c CMakeFiles/wpa2_enterprise_interactive.dir/home/runner/work/pico-sdk/pico-sdk/src/common/hardware_claim/claim.c.o
                0x10000e74                hw_claim_unused_from_range
 .text.hw_claim_clear
                0x10000f10       0x38 CMakeFiles/wpa2_enterprise_interactive.dir/home/runner/work/pico-sdk/pico-sdk/src/common/hardware_claim/claim.c.o
                0x10000f10                hw_claim_clear
 .text.next_striped_spin_lock_num
                0x10000f48       0x18 CMakeFiles/wpa2_enterprise_interactive.dir/home/runner/work/pico-sdk/pico-sdk/src/rp2_common/hardware_sync/sync.c.o
                0x10000f48                next_striped_spin_lock_num
 .text.spin_lock_claim_unused
                0x10000f60       0x24 CMakeFiles/wpa2_enterprise_interactive.dir/home/runner/work/pico-sdk/pico-sdk/src/rp2_common/hardware_sync/sync.c.o
                0x10000f60                spin_lock_claim_unused
 .text.spin_locks_reset
                0x10000f84       0x1c CMakeFiles/wpa2_enterprise_interactive.dir/home/runner/work/pico-sdk/pico-sdk/src/rp2_common/hardware_sync_spin_lock/sync_spin_lock.c.o
                0x10000f84                spin_locks_reset
 .text.runtime_init_per_core_irq_priorities
                0x10000fa0       0x24 CMakeFiles/wpa2_enterprise_interactive.dir/home/runner/work/pico-sdk/pico-sdk/src/rp2_common/hardware_irq/irq.c.o
                0x10000fa0                runtime_init_per_core_irq_priorities
 .text.irq_set_enabled
                0x10000fc4       0x24 CMakeFiles/wpa2_enterprise_interactive.dir/home/runner/work/pico-sdk/pico-sdk/src/rp2_common/hardware_irq/irq.c.o
                0x10000fc4                irq_set_enabled
 .text.irq_is_enabled
                0x10000fe8       0x18 CMakeFiles/wpa2_enterprise_interactive.dir/home/runner/work/pico-sdk/pico-sdk/src/rp2_common/hardware_irq/irq.c.o
                0x10000fe8                irq_is_enabled
 .text.irq_set_pending
                0x10001000       0x10 CMakeFiles/wpa2_enterprise_interactive.dir/home/runner/work/pico-sdk/pico-sdk/src/rp2_common/hardware_irq/irq.c.o
                0x10001000                irq_set_pending
 .text.irq_has_shared_handler
                0x10001010       0x24 CMakeFiles/wpa2_enterprise_interactive.dir/home/runner/work/pico-sdk/pico-sdk/src/rp2_common/hardware_irq/irq.c.o
                0x10001010                irq_has_shared_handler
 .text.irq_set_exclusive_handler
                0x10001034       0x54 CMakeFiles/wpa2_enterprise_interactive.dir/home/runner/work/pico-sdk/pico-sdk/src/rp2_common/hardware_irq/irq.c.o
                0x10001034                irq_set_exclusive_handler
 .text.irq_add_shared_handler
                0x10001088      0x1f4 CMakeFiles/wpa2_enterprise_interactive.dir/home/runner/work/pico-sdk/pico-sdk/src/rp2_common/hardware_irq/irq.c.o
                0x10001088                irq_add_shared_handler
 .text.irq_remove_handler
                0x1000127c      0x1d4 CMakeFiles/wpa2_enterprise_interactive.dir/home/runner/work/pico-sdk/pico-sdk/src/rp2_common/hardware_irq/irq.c.o
                0x1000127c                irq_remove_handler
 .text.irq_add_tail_to_free_list
                0x10001450       0xb4 CMakeFiles/wpa2_enterprise_interactive.dir/home/runner/work/pico-sdk/pico-sdk/src/rp2_common/hardware_irq/irq.c.o
                0x10001450                irq_add_tail_to_free_list
 .text.user_irq_claim_unused
                0x10001504       0x2c CMakeFiles/wpa2_enterprise_interactive.dir/home/runner/work/pico-sdk/pico-sdk/src/rp2_common/hardware_irq/irq.c.o
                0x10001504                user_irq_claim_unused
 .text.sem_init
                0x10001530       0x20 CMakeFiles/wpa2_enterprise_interactive.dir/home/runner/work/pico-sdk/pico-sdk/src/common/pico_sync/sem.c.o
                0x10001530                sem_init
 .text.lock_init
                0x10001550       0x10 CMakeFiles/wpa2_enterprise_interactive.dir/home/runner/work/pico-sdk/pico-sdk/src/common/pico_sync/lock_core.c.o
                0x10001550                lock_init
 .text.runtime_init_mutex
                0x10001560       0x50 CMakeFiles/wpa2_enterprise_interactive.dir/home/runner/work/pico-sdk/pico-sdk/src/common/pico_sync/mutex.c.o
                0x10001560                runtime_init_mutex
 .text.mutex_init
                0x100015b0       0x1c CMakeFiles/wpa2_enterprise_interactive.dir/home/runner/work/pico-sdk/pico-sdk/src/common/pico_sync/mutex.c.o
                0x100015b0                mutex_init
 .text.critical_section_init
                0x100015cc       0x1c CMakeFiles/wpa2_enterprise_interactive.dir/home/runner/work/pico-sdk/pico-sdk/src/common/pico_sync/critical_section.c.o
                0x100015cc                critical_section_init
 .text.critical_section_init_with_lock_num
                0x100015e8       0x14 CMakeFiles/wpa2_enterprise_interactive.dir/home/runner/work/pico-sdk/pico-sdk/src/common/pico_sync/critical_section.c.o
                0x100015e8                critical_section_init_with_lock_num
 .text.sleep_until_callback
                0x100015fc       0x30 CMakeFiles/wpa2_enterprise_interactive.dir/home/runner/work/pico-sdk/pico-sdk/src/common/pico_time/time.c.o
 .text.alarm_pool_irq_handler
                0x1000162c      0x2fc CMakeFiles/wpa2_enterprise_interactive.dir/home/runner/work/pico-sdk/pico-sdk/src/common/pico_time/time.c.o
 .text.runtime_init_default_alarm_pool
                0x10001928       0xdc CMakeFiles/wpa2_enterprise_interactive.dir/home/runner/work/pico-sdk/pico-sdk/src/common/pico_time/time.c.o
                0x10001928                runtime_init_default_alarm_pool
 .text.alarm_pool_get_default
                0x10001a04        0x8 CMakeFiles/wpa2_enterprise_interactive.dir/home/runner/work/pico-sdk/pico-sdk/src/common/pico_time/time.c.o
                0x10001a04                alarm_pool_get_default
 .text.alarm_pool_add_alarm_at
                0x10001a0c       0xd4 CMakeFiles/wpa2_enterprise_interactive.dir/home/runner/work/pico-sdk/pico-sdk/src/common/pico_time/time.c.o
                0x10001a0c                alarm_pool_add_alarm_at
 .text.alarm_pool_add_alarm_at_force_in_context
                0x10001ae0       0xb0 CMakeFiles/wpa2_enterprise_interactive.dir/home/runner/work/pico-sdk/pico-sdk/src/common/pico_time/time.c.o
                0x10001ae0                alarm_pool_add_alarm_at_force_in_context
 .text.alarm_pool_cancel_alarm
                0x10001b90       0x74 CMakeFiles/wpa2_enterprise_interactive.dir/home/runner/work/pico-sdk/pico-sdk/src/common/pico_time/time.c.o
                0x10001b90                alarm_pool_cancel_alarm
 .text.alarm_pool_core_num
                0x10001c04        0x4 CMakeFiles/wpa2_enterprise_interactive.dir/home/runner/work/pico-sdk/pico-sdk/src/common/pico_time/time.c.o
                0x10001c04                alarm_pool_core_num
 .text.sleep_until
                0x10001c08       0xd8 CMakeFiles/wpa2_enterprise_interactive.dir/home/runner/work/pico-sdk/pico-sdk/src/common/pico_time/time.c.o
                0x10001c08                sleep_until
 .text.sleep_ms
                0x10001ce0       0x38 CMakeFiles/wpa2_enterprise_interactive.dir/home/runner/work/pico-sdk/pico-sdk/src/common/pico_time/time.c.o
                0x10001ce0                sleep_ms
 .text.best_effort_wfe_or_timeout
                0x10001d18       0xf8 CMakeFiles/wpa2_enterprise_interactive.dir/home/runner/work/pico-sdk/pico-sdk/src/common/pico_time/time.c.o
                0x10001d18                best_effort_wfe_or_timeout
 .text.timer_hardware_alarm_claim
                0x10001e10       0x14 CMakeFiles/wpa2_enterprise_interactive.dir/home/runner/work/pico-sdk/pico-sdk/src/rp2_common/hardware_timer/timer.c.o
                0x10001e10                timer_hardware_alarm_claim
 .text.timer_time_us_64
                0x10001e24       0x10 CMakeFiles/wpa2_enterprise_interactive.dir/home/runner/work/pico-sdk/pico-sdk/src/rp2_common/hardware_timer/timer.c.o
                0x10001e24                timer_time_us_64
 .text.time_us_64
                0x10001e34       0x14 CMakeFiles/wpa2_enterprise_interactive.dir/home/runner/work/pico-sdk/pico-sdk/src/rp2_common/hardware_timer/timer.c.o
                0x10001e34                time_us_64
 .text.busy_wait_us
                0x10001e48       0x68 CMakeFiles/wpa2_enterprise_interactive.dir/home/runner/work/pico-sdk/pico-sdk/src/rp2_common/hardware_timer/timer.c.o
                0x10001e48                busy_wait_us
 .text.busy_wait_until
                0x10001eb0       0x20 CMakeFiles/wpa2_enterprise_interactive.dir/home/runner/work/pico-sdk/pico-sdk/src/rp2_common/hardware_timer/timer.c.o
                0x10001eb0                busy_wait_until
 .text.clock_configure_int_divider
                0x10001ed0       0xf4 CMakeFiles/wpa2_enterprise_interactive.dir/home/runner/work/pico-sdk/pico-sdk/src/rp2_common/hardware_clocks/clocks.c.o
                0x10001ed0                clock_configure_int_divider
 .text.clock_configure_undivided
                0x10001fc4       0xe8 CMakeFiles/wpa2_enterprise_interactive.dir/home/runner/work/pico-sdk/pico-sdk/src/rp2_common/hardware_clocks/clocks.c.o
                0x10001fc4                clock_configure_undivided
 .text.clock_get_hz
                0x100020ac        0xc CMakeFiles/wpa2_enterprise_interactive.dir/home/runner/work/pico-sdk/pico-sdk/src/rp2_common/hardware_clocks/clocks.c.o
                0x100020ac                clock_get_hz
 .text.pll_init
                0x100020b8       0xa4 CMakeFiles/wpa2_enterprise_interactive.dir/home/runner/work/pico-sdk/pico-sdk/src/rp2_common/hardware_pll/pll.c.o
                0x100020b8                pll_init
 .text.watchdog_reboot
                0x1000215c       0x9c CMakeFiles/wpa2_enterprise_interactive.dir/home/runner/work/pico-sdk/pico-sdk/src/rp2_common/hardware_watchdog/watchdog.c.o
                0x1000215c                watchdog_reboot
 .text.tick_start
                0x100021f8       0x10 CMakeFiles/wpa2_enterprise_interactive.dir/home/runner/work/pico-sdk/pico-sdk/src/rp2_common/hardware_ticks/ticks.c.o
                0x100021f8                tick_start
 .text.rom_func_lookup
                0x10002208       0x10 CMakeFiles/wpa2_enterprise_interactive.dir/home/runner/work/pico-sdk/pico-sdk/src/rp2_common/pico_bootrom/bootrom.c.o
                0x10002208                rom_func_lookup
 .text.rom_data_lookup
                0x10002218       0x10 CMakeFiles/wpa2_enterprise_interactive.dir/home/runner/work/pico-sdk/pico-sdk/src/rp2_common/pico_bootrom/bootrom.c.o
                0x10002218                rom_data_lookup
 .text.rom_funcs_lookup
                0x10002228       0x44 CMakeFiles/wpa2_enterprise_interactive.dir/home/runner/work/pico-sdk/pico-sdk/src/rp2_common/pico_bootrom/bootrom.c.o
                0x10002228                rom_funcs_lookup
 .text.rom_reset_usb_boot_extra
                0x1000226c       0x28 CMakeFiles/wpa2_enterprise_interactive.dir/home/runner/work/pico-sdk/pico-sdk/src/rp2_common/pico_bootrom/bootrom.c.o
                0x1000226c                rom_reset_usb_boot_extra
 .text.xosc_init
                0x10002294       0x28 CMakeFiles/wpa2_enterprise_interactive.dir/home/runner/work/pico-sdk/pico-sdk/src/rp2_common/hardware_xosc/xosc.c.o
                0x10002294                xosc_init
 .text.first_per_core_initializer
                0x100022bc        0x4 CMakeFiles/wpa2_enterprise_interactive.dir/home/runner/work/pico-sdk/pico-sdk/src/rp2_common/pico_runtime/runtime.c.o
 .text.hard_assertion_failure
                0x100022c0        0xc CMakeFiles/wpa2_enterprise_interactive.dir/home/runner/work/pico-sdk/pico-sdk/src/rp2_common/pico_runtime/runtime.c.o
                0x100022c0                hard_assertion_failure
 .text.runtime_run_initializers
                0x100022cc       0x28 CMakeFiles/wpa2_enterprise_interactive.dir/home/runner/work/pico-sdk/pico-sdk/src/rp2_common/pico_runtime/runtime.c.o
                0x100022cc                runtime_run_initializers
 .text.runtime_init_early_resets
                0x100022f4       0x2c CMakeFiles/wpa2_enterprise_interactive.dir/home/runner/work/pico-sdk/pico-sdk/src/rp2_common/pico_runtime_init/runtime_init.c.o
                0x100022f4                runtime_init_early_resets
 .text.runtime_init_usb_power_down
                0x10002320       0x1c CMakeFiles/wpa2_enterprise_interactive.dir/home/runner/work/pico-sdk/pico-sdk/src/rp2_common/pico_runtime_init/runtime_init.c.o
                0x10002320                runtime_init_usb_power_down
 .text.runtime_init_post_clock_resets
                0x1000233c       0x20 CMakeFiles/wpa2_enterprise_interactive.dir/home/runner/work/pico-sdk/pico-sdk/src/rp2_common/pico_runtime_init/runtime_init.c.o
                0x1000233c                runtime_init_post_clock_resets
 .text.runtime_init_rp2040_gpio_ie_disable
                0x1000235c       0x14 CMakeFiles/wpa2_enterprise_interactive.dir/home/runner/work/pico-sdk/pico-sdk/src/rp2_common/pico_runtime_init/runtime_init.c.o
                0x1000235c                runtime_init_rp2040_gpio_ie_disable
 .text.runtime_init_spin_locks_reset
                0x10002370        0x8 CMakeFiles/wpa2_enterprise_interactive.dir/home/runner/work/pico-sdk/pico-sdk/src/rp2_common/pico_runtime_init/runtime_init.c.o
                0x10002370                runtime_init_spin_locks_reset
 .text.runtime_init_install_ram_vector_table
                0x10002378       0xb4 CMakeFiles/wpa2_enterprise_interactive.dir/home/runner/work/pico-sdk/pico-sdk/src/rp2_common/pico_runtime_init/runtime_init.c.o
                0x10002378                runtime_init_install_ram_vector_table
 .text.runtime_init_clocks
                0x1000242c       0xd8 CMakeFiles/wpa2_enterprise_interactive.dir/home/runner/work/pico-sdk/pico-sdk/src/rp2_common/pico_runtime_init/runtime_init_clocks.c.o
                0x1000242c                runtime_init_clocks
 .text          0x10002504       0x10 CMakeFiles/wpa2_enterprise_interactive.dir/home/runner/work/pico-sdk/pico-sdk/src/rp2_common/pico_bit_ops/bit_ops_aeabi.S.o
 .text.ctzsi    0x10002514        0xc CMakeFiles/wpa2_enterprise_interactive.dir/home/runner/work/pico-sdk/pico-sdk/src/rp2_common/pico_bit_ops/bit_ops_aeabi.S.o
                0x10002514                __wrap___ctzsi2
 .text.__wrap___aeabi_idiv
                0x10002520       0x50 CMakeFiles/wpa2_enterprise_interactive.dir/home/runner/work/pico-sdk/pico-sdk/src/rp2_common/pico_divider/divider_hardware.S.o
                0x10002520                __wrap___aeabi_idivmod
                0x10002520                divmod_s32s32
                0x10002520                div_s32s32
                0x10002520                __wrap___aeabi_idiv
                0x10002528                divmod_s32s32_unsafe
                0x10002554                divmod_s32s32_savestate
 .text.__wrap___aeabi_uidiv
                0x10002570       0x4c CMakeFiles/wpa2_enterprise_interactive.dir/home/runner/work/pico-sdk/pico-sdk/src/rp2_common/pico_divider/divider_hardware.S.o
                0x10002570                __wrap___aeabi_uidiv
                0x10002570                __wrap___aeabi_uidivmod
                0x10002570                div_u32u32
                0x10002570                divmod_u32u32
                0x10002578                divmod_u32u32_unsafe
                0x100025a0                divmod_u32u32_savestate
 .text.__wrap___aeabi_ldiv
                0x100025bc      0x424 CMakeFiles/wpa2_enterprise_interactive.dir/home/runner/work/pico-sdk/pico-sdk/src/rp2_common/pico_divider/divider_hardware.S.o
                0x100025bc                div_s64s64
                0x100025bc                divmod_s64s64
                0x100025bc                __wrap___aeabi_ldivmod
                0x100025ec                div_u64u64
                0x100025ec                divmod_u64u64
                0x100025ec                __wrap___aeabi_uldivmod
                0x100025fc                divmod_u64u64_savestate
                0x1000261c                divmod_s64s64_unsafe
                0x100026a4                divmod_u64u64_unsafe
 .text.__wrap___aeabi_darithmetic
                0x100029e0       0x60 CMakeFiles/wpa2_enterprise_interactive.dir/home/runner/work/pico-sdk/pico-sdk/src/rp2_common/pico_double/double_aeabi_rp2040.S.o
                0x100029e0                __wrap___aeabi_drsub
                0x100029e6                __wrap___aeabi_dsub
                0x100029f0                __wrap___aeabi_dadd
                0x100029fa                __wrap___aeabi_ddiv
                0x10002a2e                __wrap___aeabi_dmul
 .text.__wrap___aeabi_cdcmple
                0x10002a40       0x6c CMakeFiles/wpa2_enterprise_interactive.dir/home/runner/work/pico-sdk/pico-sdk/src/rp2_common/pico_double/double_aeabi_rp2040.S.o
                0x10002a40                __wrap___aeabi_cdrcmple
                0x10002a50                __wrap___aeabi_cdcmple
                0x10002a50                __wrap___aeabi_cdcmpeq
 .text.__wrap___aeabi_dcmplt
                0x10002aac        0xc CMakeFiles/wpa2_enterprise_interactive.dir/home/runner/work/pico-sdk/pico-sdk/src/rp2_common/pico_double/double_aeabi_rp2040.S.o
                0x10002aac                __wrap___aeabi_dcmplt
 .text.__wrap___aeabi_dcmpge
                0x10002ab8       0x10 CMakeFiles/wpa2_enterprise_interactive.dir/home/runner/work/pico-sdk/pico-sdk/src/rp2_common/pico_double/double_aeabi_rp2040.S.o
                0x10002ab8                __wrap___aeabi_dcmpge
 .text.__wrap___aeabi_dcmpgt
                0x10002ac8        0xa CMakeFiles/wpa2_enterprise_interactive.dir/home/runner/work/pico-sdk/pico-sdk/src/rp2_common/pico_double/double_aeabi_rp2040.S.o
                0x10002ac8                __wrap___aeabi_dcmpgt
 .text.__wrap___aeabi_dcmpun
                0x10002ad2       0x18 CMakeFiles/wpa2_enterprise_interactive.dir/home/runner/work/pico-sdk/pico-sdk/src/rp2_common/pico_double/double_aeabi_rp2040.S.o
                0x10002ad2                __wrap___aeabi_dcmpun
 *fill*         0x10002aea        0x2 
 .text.__wrap___aeabi_i2d
                0x10002aec       0x38 CMakeFiles/wpa2_enterprise_interactive.dir/home/runner/work/pico-sdk/pico-sdk/src/rp2_common/pico_double/double_aeabi_rp2040.S.o
                0x10002aec                __wrap___aeabi_ui2d
                0x10002aec                uint2double
                0x10002af4                __wrap___aeabi_i2d
                0x10002af4                int2double
 .text.__wrap___aeabi_d2iz
                0x10002b24       0x48 CMakeFiles/wpa2_enterprise_interactive.dir/home/runner/work/pico-sdk/pico-sdk/src/rp2_common/pico_double/double_aeabi_rp2040.S.o
                0x10002b24                __wrap___aeabi_d2iz
                0x10002b24                double2int_z
 .text.__wrap___aeabi_d2uiz
                0x10002b6c       0x10 CMakeFiles/wpa2_enterprise_interactive.dir/home/runner/work/pico-sdk/pico-sdk/src/rp2_common/pico_double/double_aeabi_rp2040.S.o
                0x10002b6c                double2uint_z
                0x10002b6c                double2uint
                0x10002b6c                __wrap___aeabi_d2uiz
 .text.missing_double_func_shim
                0x10002b7c        0xc CMakeFiles/wpa2_enterprise_interactive.dir/home/runner/work/pico-sdk/pico-sdk/src/rp2_common/pico_double/double_init_rom_rp2040.c.o
 .text.__aeabi_double_init
                0x10002b88       0xa0 CMakeFiles/wpa2_enterprise_interactive.dir/home/runner/work/pico-sdk/pico-sdk/src/rp2_common/pico_double/double_init_rom_rp2040.c.o
                0x10002b88                __aeabi_double_init
 .text.double_table_shim_on_use_helper
                0x10002c28       0x2c CMakeFiles/wpa2_enterprise_interactive.dir/home/runner/work/pico-sdk/pico-sdk/src/rp2_common/pico_double/double_v1_rom_shim_rp2040.S.o
                0x10002c28                double_table_shim_on_use_helper
 .text.__aeabi_lmul
                0x10002c54       0x32 CMakeFiles/wpa2_enterprise_interactive.dir/home/runner/work/pico-sdk/pico-sdk/src/rp2_common/pico_int64_ops/pico_int64_ops_aeabi.S.o
                0x10002c54                __wrap___aeabi_lmul
 *fill*         0x10002c86        0x2 
 .text.missing_float_func_shim
                0x10002c88        0xc CMakeFiles/wpa2_enterprise_interactive.dir/home/runner/work/pico-sdk/pico-sdk/src/rp2_common/pico_float/float_init_rom_rp2040.c.o
 .text.__aeabi_float_init
                0x10002c94       0x5c CMakeFiles/wpa2_enterprise_interactive.dir/home/runner/work/pico-sdk/pico-sdk/src/rp2_common/pico_float/float_init_rom_rp2040.c.o
                0x10002c94                __aeabi_float_init
 .text.__wrap_malloc
                0x10002cf0       0x24 CMakeFiles/wpa2_enterprise_interactive.dir/home/runner/work/pico-sdk/pico-sdk/src/rp2_common/pico_malloc/malloc.c.o
                0x10002cf0                __wrap_malloc
 .text.__wrap_calloc
                0x10002d14       0x28 CMakeFiles/wpa2_enterprise_interactive.dir/home/runner/work/pico-sdk/pico-sdk/src/rp2_common/pico_malloc/malloc.c.o
                0x10002d14                __wrap_calloc
 .text.__wrap_free
                0x10002d3c        0x8 CMakeFiles/wpa2_enterprise_interactive.dir/home/runner/work/pico-sdk/pico-sdk/src/rp2_common/pico_malloc/malloc.c.o
                0x10002d3c                __wrap_free
 .text          0x10002d44       0x10 CMakeFiles/wpa2_enterprise_interactive.dir/home/runner/work/pico-sdk/pico-sdk/src/rp2_common/pico_mem_ops/mem_ops_aeabi.S.o
                0x10002d44                __aeabi_mem_init
 .text.memset   0x10002d54        0xc CMakeFiles/wpa2_enterprise_interactive.dir/home/runner/work/pico-sdk/pico-sdk/src/rp2_common/pico_mem_ops/mem_ops_aeabi.S.o
                0x10002d54                __wrap_memset
 .text.memcpy   0x10002d60        0xc CMakeFiles/wpa2_enterprise_interactive.dir/home/runner/work/pico-sdk/pico-sdk/src/rp2_common/pico_mem_ops/mem_ops_aeabi.S.o
                0x10002d60                __wrap___aeabi_memcpy
                0x10002d60                __wrap_memcpy
 .text._out_null
                0x10002d6c        0x4 CMakeFiles/wpa2_enterprise_interactive.dir/home/runner/work/pico-sdk/pico-sdk/src/rp2_common/pico_printf/printf.c.o
 .text._out_rev
                0x10002d70       0xac CMakeFiles/wpa2_enterprise_interactive.dir/home/runner/work/pico-sdk/pico-sdk/src/rp2_common/pico_printf/printf.c.o
 .text._ntoa_format
                0x10002e1c      0x250 CMakeFiles/wpa2_enterprise_interactive.dir/home/runner/work/pico-sdk/pico-sdk/src/rp2_common/pico_printf/printf.c.o
 .text._out_char
                0x1000306c       0x10 CMakeFiles/wpa2_enterprise_interactive.dir/home/runner/work/pico-sdk/pico-sdk/src/rp2_common/pico_printf/printf.c.o
 .text._out_fct
                0x1000307c       0x10 CMakeFiles/wpa2_enterprise_interactive.dir/home/runner/work/pico-sdk/pico-sdk/src/rp2_common/pico_printf/printf.c.o
 .text._etoa    0x1000308c      0x464 CMakeFiles/wpa2_enterprise_interactive.dir/home/runner/work/pico-sdk/pico-sdk/src/rp2_common/pico_printf/printf.c.o
 .text._ftoa    0x100034f0      0x3c0 CMakeFiles/wpa2_enterprise_interactive.dir/home/runner/work/pico-sdk/pico-sdk/src/rp2_common/pico_printf/printf.c.o
 .text._vsnprintf
                0x100038b0      0xbc8 CMakeFiles/wpa2_enterprise_interactive.dir/home/runner/work/pico-sdk/pico-sdk/src/rp2_common/pico_printf/printf.c.o
 .text.vfctprintf
                0x10004478       0x20 CMakeFiles/wpa2_enterprise_interactive.dir/home/runner/work/pico-sdk/pico-sdk/src/rp2_common/pico_printf/printf.c.o
                0x10004478                vfctprintf
 .text.weak_raw_vprintf
                0x10004498       0x30 CMakeFiles/wpa2_enterprise_interactive.dir/home/runner/work/pico-sdk/pico-sdk/src/rp2_common/pico_printf/printf.c.o
                0x10004498                weak_raw_vprintf
 .text._exit    0x100044c8        0x4 CMakeFiles/wpa2_enterprise_interactive.dir/home/runner/work/pico-sdk/pico-sdk/src/rp2_common/pico_clib_interface/newlib_interface.c.o
                0x100044c8                _exit
 .text._sbrk    0x100044cc       0x34 CMakeFiles/wpa2_enterprise_interactive.dir/home/runner/work/pico-sdk/pico-sdk/src/rp2_common/pico_clib_interface/newlib_interface.c.o
                0x100044cc                _sbrk
 .text.exit     0x10004500        0x8 CMakeFiles/wpa2_enterprise_interactive.dir/home/runner/work/pico-sdk/pico-sdk/src/rp2_common/pico_clib_interface/newlib_interface.c.o
                0x10004500                exit
 .text.runtime_init
                0x10004508       0x2c CMakeFiles/wpa2_enterprise_interactive.dir/home/runner/work/pico-sdk/pico-sdk/src/rp2_common/pico_clib_interface/newlib_interface.c.o
                0x10004508                runtime_init
 .text.stdio_out_chars_no_crlf
                0x10004534       0x10 CMakeFiles/wpa2_enterprise_interactive.dir/home/runner/work/pico-sdk/pico-sdk/src/rp2_common/pico_stdio/stdio.c.o
 .text.stdio_out_chars_crlf
                0x10004544       0x94 CMakeFiles/wpa2_enterprise_interactive.dir/home/runner/work/pico-sdk/pico-sdk/src/rp2_common/pico_stdio/stdio.c.o
 .text.stdio_buffered_printer
                0x100045d8       0x64 CMakeFiles/wpa2_enterprise_interactive.dir/home/runner/work/pico-sdk/pico-sdk/src/rp2_common/pico_stdio/stdio.c.o
 .text.stdio_put_string
                0x1000463c      0x100 CMakeFiles/wpa2_enterprise_interactive.dir/home/runner/work/pico-sdk/pico-sdk/src/rp2_common/pico_stdio/stdio.c.o
                0x1000463c                stdio_put_string
 .text.stdio_set_driver_enabled
                0x1000473c       0x30 CMakeFiles/wpa2_enterprise_interactive.dir/home/runner/work/pico-sdk/pico-sdk/src/rp2_common/pico_stdio/stdio.c.o
                0x1000473c                stdio_set_driver_enabled
 .text.stdio_init_all
                0x1000476c        0x8 CMakeFiles/wpa2_enterprise_interactive.dir/home/runner/work/pico-sdk/pico-sdk/src/rp2_common/pico_stdio/stdio.c.o
                0x1000476c                stdio_init_all
 .text.stdio_getchar_timeout_us
                0x10004774       0x98 CMakeFiles/wpa2_enterprise_interactive.dir/home/runner/work/pico-sdk/pico-sdk/src/rp2_common/pico_stdio/stdio.c.o
                0x10004774                stdio_getchar_timeout_us
 .text.__wrap_putchar
                0x1000480c       0x98 CMakeFiles/wpa2_enterprise_interactive.dir/home/runner/work/pico-sdk/pico-sdk/src/rp2_common/pico_stdio/stdio.c.o
                0x1000480c                stdio_putchar
                0x1000480c                __wrap_putchar
 .text.__wrap_puts
                0x100048a4       0x3c CMakeFiles/wpa2_enterprise_interactive.dir/home/runner/work/pico-sdk/pico-sdk/src/rp2_common/pico_stdio/stdio.c.o
                0x100048a4                __wrap_puts
                0x100048a4                stdio_puts
 .text.__wrap_vprintf
                0x100048e0       0xd4 CMakeFiles/wpa2_enterprise_interactive.dir/home/runner/work/pico-sdk/pico-sdk/src/rp2_common/pico_stdio/stdio.c.o
                0x100048e0                __wrap_vprintf
                0x100048e0                stdio_vprintf
 .text.__wrap_printf
                0x100049b4       0x18 CMakeFiles/wpa2_enterprise_interactive.dir/home/runner/work/pico-sdk/pico-sdk/src/rp2_common/pico_stdio/stdio.c.o
                0x100049b4                stdio_printf
                0x100049b4                __wrap_printf
 .text.resetd_init
                0x100049cc        0x4 CMakeFiles/wpa2_enterprise_interactive.dir/home/runner/work/pico-sdk/pico-sdk/src/rp2_common/pico_stdio_usb/reset_interface.c.o
 .text.resetd_reset
                0x100049d0        0xc CMakeFiles/wpa2_enterprise_interactive.dir/home/runner/work/pico-sdk/pico-sdk/src/rp2_common/pico_stdio_usb/reset_interface.c.o
 .text.resetd_open
                0x100049dc       0x28 CMakeFiles/wpa2_enterprise_interactive.dir/home/runner/work/pico-sdk/pico-sdk/src/rp2_common/pico_stdio_usb/reset_interface.c.o
 .text.resetd_xfer_cb
                0x10004a04        0x4 CMakeFiles/wpa2_enterprise_interactive.dir/home/runner/work/pico-sdk/pico-sdk/src/rp2_common/pico_stdio_usb/reset_interface.c.o
 .text.resetd_control_xfer_cb
                0x10004a08       0x5c CMakeFiles/wpa2_enterprise_interactive.dir/home/runner/work/pico-sdk/pico-sdk/src/rp2_common/pico_stdio_usb/reset_interface.c.o
 .text.tud_descriptor_bos_cb
                0x10004a64        0x8 CMakeFiles/wpa2_enterprise_interactive.dir/home/runner/work/pico-sdk/pico-sdk/src/rp2_common/pico_stdio_usb/reset_interface.c.o
                0x10004a64                tud_descriptor_bos_cb
 .text.tud_vendor_control_xfer_cb
                0x10004a6c       0x34 CMakeFiles/wpa2_enterprise_interactive.dir/home/runner/work/pico-sdk/pico-sdk/src/rp2_common/pico_stdio_usb/reset_interface.c.o
                0x10004a6c                tud_vendor_control_xfer_cb
 .text.usbd_app_driver_get_cb
                0x10004aa0        0xc CMakeFiles/wpa2_enterprise_interactive.dir/home/runner/work/pico-sdk/pico-sdk/src/rp2_common/pico_stdio_usb/reset_interface.c.o
                0x10004aa0                usbd_app_driver_get_cb
 .text.tud_cdc_line_coding_cb
                0x10004aac       0x2c CMakeFiles/wpa2_enterprise_interactive.dir/home/runner/work/pico-sdk/pico-sdk/src/rp2_common/pico_stdio_usb/reset_interface.c.o
                0x10004aac                tud_cdc_line_coding_cb
 .text.stdio_usb_set_chars_available_callback
                0x10004ad8       0x14 CMakeFiles/wpa2_enterprise_interactive.dir/home/runner/work/pico-sdk/pico-sdk/src/rp2_common/pico_stdio_usb/stdio_usb.c.o
                0x10004ad8                stdio_usb_set_chars_available_callback
 .text.usb_irq  0x10004aec       0x10 CMakeFiles/wpa2_enterprise_interactive.dir/home/runner/work/pico-sdk/pico-sdk/src/rp2_common/pico_stdio_usb/stdio_usb.c.o
 .text.timer_task
                0x10004afc       0x64 CMakeFiles/wpa2_enterprise_interactive.dir/home/runner/work/pico-sdk/pico-sdk/src/rp2_common/pico_stdio_usb/stdio_usb.c.o
 .text.stdio_usb_in_chars
                0x10004b60       0x90 CMakeFiles/wpa2_enterprise_interactive.dir/home/runner/work/pico-sdk/pico-sdk/src/rp2_common/pico_stdio_usb/stdio_usb.c.o
                0x10004b60                stdio_usb_in_chars
 .text.stdio_usb_out_flush
                0x10004bf0       0x50 CMakeFiles/wpa2_enterprise_interactive.dir/home/runner/work/pico-sdk/pico-sdk/src/rp2_common/pico_stdio_usb/stdio_usb.c.o
 .text.stdio_usb_out_chars
                0x10004c40      0x104 CMakeFiles/wpa2_enterprise_interactive.dir/home/runner/work/pico-sdk/pico-sdk/src/rp2_common/pico_stdio_usb/stdio_usb.c.o
 .text.low_priority_worker_irq
                0x10004d44       0xcc CMakeFiles/wpa2_enterprise_interactive.dir/home/runner/work/pico-sdk/pico-sdk/src/rp2_common/pico_stdio_usb/stdio_usb.c.o
 .text.stdio_usb_init
                0x10004e10       0xec CMakeFiles/wpa2_enterprise_interactive.dir/home/runner/work/pico-sdk/pico-sdk/src/rp2_common/pico_stdio_usb/stdio_usb.c.o
                0x10004e10                stdio_usb_init
 .text.tud_descriptor_device_cb
                0x10004efc        0x8 CMakeFiles/wpa2_enterprise_interactive.dir/home/runner/work/pico-sdk/pico-sdk/src/rp2_common/pico_stdio_usb/stdio_usb_descriptors.c.o
                0x10004efc                tud_descriptor_device_cb
 .text.tud_descriptor_configuration_cb
                0x10004f04        0x8 CMakeFiles/wpa2_enterprise_interactive.dir/home/runner/work/pico-sdk/pico-sdk/src/rp2_common/pico_stdio_usb/stdio_usb_descriptors.c.o
                0x10004f04                tud_descriptor_configuration_cb
 .text.tud_descriptor_string_cb
                0x10004f0c       0x78 CMakeFiles/wpa2_enterprise_interactive.dir/home/runner/work/pico-sdk/pico-sdk/src/rp2_common/pico_stdio_usb/stdio_usb_descriptors.c.o
                0x10004f0c                tud_descriptor_string_cb
 .text.startup._retrieve_unique_id_on_boot
                0x10004f84       0x10 CMakeFiles/wpa2_enterprise_interactive.dir/home/runner/work/pico-sdk/pico-sdk/src/rp2_common/pico_unique_id/unique_id.c.o
 .text.pico_get_unique_board_id
                0x10004f94       0x10 CMakeFiles/wpa2_enterprise_interactive.dir/home/runner/work/pico-sdk/pico-sdk/src/rp2_common/pico_unique_id/unique_id.c.o
                0x10004f94                pico_get_unique_board_id
 .text.pico_get_unique_board_id_string
                0x10004fa4      0x1a8 CMakeFiles/wpa2_enterprise_interactive.dir/home/runner/work/pico-sdk/pico-sdk/src/rp2_common/pico_unique_id/unique_id.c.o
                0x10004fa4                pico_get_unique_board_id_string
 .text.flash_get_unique_id
                0x1000514c       0x3c CMakeFiles/wpa2_enterprise_interactive.dir/home/runner/work/pico-sdk/pico-sdk/src/rp2_common/hardware_flash/flash.c.o
                0x1000514c                flash_get_unique_id
 .text.dcd_init
                0x10005188       0x90 CMakeFiles/wpa2_enterprise_interactive.dir/home/runner/work/pico-sdk/pico-sdk/lib/tinyusb/src/portable/raspberrypi/rp2040/dcd_rp2040.c.o
                0x10005188                dcd_init
 .text.dcd_int_enable
                0x10005218        0xc CMakeFiles/wpa2_enterprise_interactive.dir/home/runner/work/pico-sdk/pico-sdk/lib/tinyusb/src/portable/raspberrypi/rp2040/dcd_rp2040.c.o
                0x10005218                dcd_int_enable
 .text.dcd_set_address
                0x10005224       0x14 CMakeFiles/wpa2_enterprise_interactive.dir/home/runner/work/pico-sdk/pico-sdk/lib/tinyusb/src/portable/raspberrypi/rp2040/dcd_rp2040.c.o
                0x10005224                dcd_set_address
 .text.dcd_sof_enable
                0x10005238       0x1c CMakeFiles/wpa2_enterprise_interactive.dir/home/runner/work/pico-sdk/pico-sdk/lib/tinyusb/src/portable/raspberrypi/rp2040/dcd_rp2040.c.o
                0x10005238                dcd_sof_enable
 .text.dcd_edpt0_status_complete
                0x10005254       0x1c CMakeFiles/wpa2_enterprise_interactive.dir/home/runner/work/pico-sdk/pico-sdk/lib/tinyusb/src/portable/raspberrypi/rp2040/dcd_rp2040.c.o
                0x10005254                dcd_edpt0_status_complete
 .text.dcd_edpt_open
                0x10005270      0x114 CMakeFiles/wpa2_enterprise_interactive.dir/home/runner/work/pico-sdk/pico-sdk/lib/tinyusb/src/portable/raspberrypi/rp2040/dcd_rp2040.c.o
                0x10005270                dcd_edpt_open
 .text.dcd_edpt_close_all
                0x10005384        0x8 CMakeFiles/wpa2_enterprise_interactive.dir/home/runner/work/pico-sdk/pico-sdk/lib/tinyusb/src/portable/raspberrypi/rp2040/dcd_rp2040.c.o
                0x10005384                dcd_edpt_close_all
 .text.dcd_edpt_xfer
                0x1000538c       0x24 CMakeFiles/wpa2_enterprise_interactive.dir/home/runner/work/pico-sdk/pico-sdk/lib/tinyusb/src/portable/raspberrypi/rp2040/dcd_rp2040.c.o
                0x1000538c                dcd_edpt_xfer
 .text.dcd_edpt_stall
                0x100053b0       0x34 CMakeFiles/wpa2_enterprise_interactive.dir/home/runner/work/pico-sdk/pico-sdk/lib/tinyusb/src/portable/raspberrypi/rp2040/dcd_rp2040.c.o
                0x100053b0                dcd_edpt_stall
 .text.dcd_edpt_clear_stall
                0x100053e4       0x30 CMakeFiles/wpa2_enterprise_interactive.dir/home/runner/work/pico-sdk/pico-sdk/lib/tinyusb/src/portable/raspberrypi/rp2040/dcd_rp2040.c.o
                0x100053e4                dcd_edpt_clear_stall
 .text.rp2040_usb_init
                0x10005414       0x40 CMakeFiles/wpa2_enterprise_interactive.dir/home/runner/work/pico-sdk/pico-sdk/lib/tinyusb/src/portable/raspberrypi/rp2040/rp2040_usb.c.o
                0x10005414                rp2040_usb_init
 .text.hw_endpoint_xfer_start
                0x10005454       0x40 CMakeFiles/wpa2_enterprise_interactive.dir/home/runner/work/pico-sdk/pico-sdk/lib/tinyusb/src/portable/raspberrypi/rp2040/rp2040_usb.c.o
                0x10005454                hw_endpoint_xfer_start
 .text.tud_event_hook_cb
                0x10005494        0x4 CMakeFiles/wpa2_enterprise_interactive.dir/home/runner/work/pico-sdk/pico-sdk/lib/tinyusb/src/device/usbd.c.o
                0x10005494                tud_event_hook_cb
 .text.tud_sof_cb
                0x10005498        0x4 CMakeFiles/wpa2_enterprise_interactive.dir/home/runner/work/pico-sdk/pico-sdk/lib/tinyusb/src/device/usbd.c.o
                0x10005498                tud_sof_cb
 .text.tud_descriptor_device_qualifier_cb
                0x1000549c        0x4 CMakeFiles/wpa2_enterprise_interactive.dir/home/runner/work/pico-sdk/pico-sdk/lib/tinyusb/src/device/usbd.c.o
                0x1000549c                tud_descriptor_device_qualifier_cb
 .text.tud_descriptor_other_speed_configuration_cb
                0x100054a0        0x4 CMakeFiles/wpa2_enterprise_interactive.dir/home/runner/work/pico-sdk/pico-sdk/lib/tinyusb/src/device/usbd.c.o
                0x100054a0                tud_descriptor_other_speed_configuration_cb
 .text.tud_mount_cb
                0x100054a4        0x4 CMakeFiles/wpa2_enterprise_interactive.dir/home/runner/work/pico-sdk/pico-sdk/lib/tinyusb/src/device/usbd.c.o
                0x100054a4                tud_mount_cb
 .text.tud_umount_cb
                0x100054a8        0x4 CMakeFiles/wpa2_enterprise_interactive.dir/home/runner/work/pico-sdk/pico-sdk/lib/tinyusb/src/device/usbd.c.o
                0x100054a8                tud_umount_cb
 .text.tud_suspend_cb
                0x100054ac        0x4 CMakeFiles/wpa2_enterprise_interactive.dir/home/runner/work/pico-sdk/pico-sdk/lib/tinyusb/src/device/usbd.c.o
                0x100054ac                tud_suspend_cb
 .text.tud_resume_cb
                0x100054b0        0x4 CMakeFiles/wpa2_enterprise_interactive.dir/home/runner/work/pico-sdk/pico-sdk/lib/tinyusb/src/device/usbd.c.o
                0x100054b0                tud_resume_cb
 .text.tud_mounted
                0x100054b4       0x10 CMakeFiles/wpa2_enterprise_interactive.dir/home/runner/work/pico-sdk/pico-sdk/lib/tinyusb/src/device/usbd.c.o
                0x100054b4                tud_mounted
 .text.tud_suspended
                0x100054c4       0x10 CMakeFiles/wpa2_enterprise_interactive.dir/home/runner/work/pico-sdk/pico-sdk/lib/tinyusb/src/device/usbd.c.o
                0x100054c4                tud_suspended
 .text.tud_rhport_init
                0x100054d4       0xfc CMakeFiles/wpa2_enterprise_interactive.dir/home/runner/work/pico-sdk/pico-sdk/lib/tinyusb/src/device/usbd.c.o
                0x100054d4                tud_rhport_init
 .text.tud_task_ext
                0x100055d0      0x800 CMakeFiles/wpa2_enterprise_interactive.dir/home/runner/work/pico-sdk/pico-sdk/lib/tinyusb/src/device/usbd.c.o
                0x100055d0                tud_task_ext
 .text.usbd_open_edpt_pair
                0x10005dd0       0x9c CMakeFiles/wpa2_enterprise_interactive.dir/home/runner/work/pico-sdk/pico-sdk/lib/tinyusb/src/device/usbd.c.o
                0x10005dd0                usbd_open_edpt_pair
 .text.usbd_edpt_open
                0x10005e6c       0x34 CMakeFiles/wpa2_enterprise_interactive.dir/home/runner/work/pico-sdk/pico-sdk/lib/tinyusb/src/device/usbd.c.o
                0x10005e6c                usbd_edpt_open
 .text.usbd_edpt_claim
                0x10005ea0       0x28 CMakeFiles/wpa2_enterprise_interactive.dir/home/runner/work/pico-sdk/pico-sdk/lib/tinyusb/src/device/usbd.c.o
                0x10005ea0                usbd_edpt_claim
 .text.usbd_edpt_release
                0x10005ec8       0x28 CMakeFiles/wpa2_enterprise_interactive.dir/home/runner/work/pico-sdk/pico-sdk/lib/tinyusb/src/device/usbd.c.o
                0x10005ec8                usbd_edpt_release
 .text.usbd_edpt_xfer
                0x10005ef0       0x4c CMakeFiles/wpa2_enterprise_interactive.dir/home/runner/work/pico-sdk/pico-sdk/lib/tinyusb/src/device/usbd.c.o
                0x10005ef0                usbd_edpt_xfer
 .text.tud_control_status
                0x10005f3c       0x2c CMakeFiles/wpa2_enterprise_interactive.dir/home/runner/work/pico-sdk/pico-sdk/lib/tinyusb/src/device/usbd_control.c.o
                0x10005f3c                tud_control_status
 .text.tud_control_xfer
                0x10005f68       0xac CMakeFiles/wpa2_enterprise_interactive.dir/home/runner/work/pico-sdk/pico-sdk/lib/tinyusb/src/device/usbd_control.c.o
                0x10005f68                tud_control_xfer
 .text.usbd_control_reset
                0x10006014       0x14 CMakeFiles/wpa2_enterprise_interactive.dir/home/runner/work/pico-sdk/pico-sdk/lib/tinyusb/src/device/usbd_control.c.o
                0x10006014                usbd_control_reset
 .text.usbd_control_set_complete_callback
                0x10006028        0xc CMakeFiles/wpa2_enterprise_interactive.dir/home/runner/work/pico-sdk/pico-sdk/lib/tinyusb/src/device/usbd_control.c.o
                0x10006028                usbd_control_set_complete_callback
 .text.usbd_control_set_request
                0x10006034       0x1c CMakeFiles/wpa2_enterprise_interactive.dir/home/runner/work/pico-sdk/pico-sdk/lib/tinyusb/src/device/usbd_control.c.o
                0x10006034                usbd_control_set_request
 .text.usbd_control_xfer_cb
                0x10006050       0xec CMakeFiles/wpa2_enterprise_interactive.dir/home/runner/work/pico-sdk/pico-sdk/lib/tinyusb/src/device/usbd_control.c.o
                0x10006050                usbd_control_xfer_cb
 .text._prep_out_transaction.isra.0
                0x1000613c       0x6c CMakeFiles/wpa2_enterprise_interactive.dir/home/runner/work/pico-sdk/pico-sdk/lib/tinyusb/src/class/cdc/cdc_device.c.o
 .text.tud_cdc_n_connected
                0x100061a8       0x2c CMakeFiles/wpa2_enterprise_interactive.dir/home/runner/work/pico-sdk/pico-sdk/lib/tinyusb/src/class/cdc/cdc_device.c.o
                0x100061a8                tud_cdc_n_connected
 .text.tud_cdc_n_available
                0x100061d4       0x14 CMakeFiles/wpa2_enterprise_interactive.dir/home/runner/work/pico-sdk/pico-sdk/lib/tinyusb/src/class/cdc/cdc_device.c.o
                0x100061d4                tud_cdc_n_available
 .text.tud_cdc_n_read
                0x100061e8       0x94 CMakeFiles/wpa2_enterprise_interactive.dir/home/runner/work/pico-sdk/pico-sdk/lib/tinyusb/src/class/cdc/cdc_device.c.o
                0x100061e8                tud_cdc_n_read
 .text.tud_cdc_n_write_flush
                0x1000627c       0x74 CMakeFiles/wpa2_enterprise_interactive.dir/home/runner/work/pico-sdk/pico-sdk/lib/tinyusb/src/class/cdc/cdc_device.c.o
                0x1000627c                tud_cdc_n_write_flush
 .text.tud_cdc_n_write
                0x100062f0       0x40 CMakeFiles/wpa2_enterprise_interactive.dir/home/runner/work/pico-sdk/pico-sdk/lib/tinyusb/src/class/cdc/cdc_device.c.o
                0x100062f0                tud_cdc_n_write
 .text.tud_cdc_n_write_available
                0x10006330       0x14 CMakeFiles/wpa2_enterprise_interactive.dir/home/runner/work/pico-sdk/pico-sdk/lib/tinyusb/src/class/cdc/cdc_device.c.o
                0x10006330                tud_cdc_n_write_available
 .text.cdcd_init
                0x10006344       0x70 CMakeFiles/wpa2_enterprise_interactive.dir/home/runner/work/pico-sdk/pico-sdk/lib/tinyusb/src/class/cdc/cdc_device.c.o
                0x10006344                cdcd_init
 .text.cdcd_deinit
                0x100063b4       0x34 CMakeFiles/wpa2_enterprise_interactive.dir/home/runner/work/pico-sdk/pico-sdk/lib/tinyusb/src/class/cdc/cdc_device.c.o
                0x100063b4                cdcd_deinit
 .text.cdcd_reset
                0x100063e8       0x4c CMakeFiles/wpa2_enterprise_interactive.dir/home/runner/work/pico-sdk/pico-sdk/lib/tinyusb/src/class/cdc/cdc_device.c.o
                0x100063e8                cdcd_reset
 .text.cdcd_open
                0x10006434       0xa8 CMakeFiles/wpa2_enterprise_interactive.dir/home/runner/work/pico-sdk/pico-sdk/lib/tinyusb/src/class/cdc/cdc_device.c.o
                0x10006434                cdcd_open
 .text.cdcd_control_xfer_cb
                0x100064dc       0xe8 CMakeFiles/wpa2_enterprise_interactive.dir/home/runner/work/pico-sdk/pico-sdk/lib/tinyusb/src/class/cdc/cdc_device.c.o
                0x100064dc                cdcd_control_xfer_cb
 .text.cdcd_xfer_cb
                0x100065c4      0x100 CMakeFiles/wpa2_enterprise_interactive.dir/home/runner/work/pico-sdk/pico-sdk/lib/tinyusb/src/class/cdc/cdc_device.c.o
                0x100065c4                cdcd_xfer_cb
 .text.vendord_init
                0x100066c4       0x5c CMakeFiles/wpa2_enterprise_interactive.dir/home/runner/work/pico-sdk/pico-sdk/lib/tinyusb/src/class/vendor/vendor_device.c.o
                0x100066c4                vendord_init
 .text.vendord_deinit
                0x10006720       0x1c CMakeFiles/wpa2_enterprise_interactive.dir/home/runner/work/pico-sdk/pico-sdk/lib/tinyusb/src/class/vendor/vendor_device.c.o
                0x10006720                vendord_deinit
 .text.vendord_reset
                0x1000673c       0x28 CMakeFiles/wpa2_enterprise_interactive.dir/home/runner/work/pico-sdk/pico-sdk/lib/tinyusb/src/class/vendor/vendor_device.c.o
                0x1000673c                vendord_reset
 .text.vendord_open
                0x10006764      0x128 CMakeFiles/wpa2_enterprise_interactive.dir/home/runner/work/pico-sdk/pico-sdk/lib/tinyusb/src/class/vendor/vendor_device.c.o
                0x10006764                vendord_open
 .text.vendord_xfer_cb
                0x1000688c       0x9c CMakeFiles/wpa2_enterprise_interactive.dir/home/runner/work/pico-sdk/pico-sdk/lib/tinyusb/src/class/vendor/vendor_device.c.o
                0x1000688c                vendord_xfer_cb
 .text.tusb_rhport_init
                0x10006928       0x48 CMakeFiles/wpa2_enterprise_interactive.dir/home/runner/work/pico-sdk/pico-sdk/lib/tinyusb/src/tusb.c.o
                0x10006928                tusb_rhport_init
 .text.tu_edpt_claim
                0x10006970       0x50 CMakeFiles/wpa2_enterprise_interactive.dir/home/runner/work/pico-sdk/pico-sdk/lib/tinyusb/src/tusb.c.o
                0x10006970                tu_edpt_claim
 .text.tu_edpt_release
                0x100069c0       0x38 CMakeFiles/wpa2_enterprise_interactive.dir/home/runner/work/pico-sdk/pico-sdk/lib/tinyusb/src/tusb.c.o
                0x100069c0                tu_edpt_release
 .text.tu_edpt_validate
                0x100069f8       0x7c CMakeFiles/wpa2_enterprise_interactive.dir/home/runner/work/pico-sdk/pico-sdk/lib/tinyusb/src/tusb.c.o
                0x100069f8                tu_edpt_validate
 .text.tu_edpt_bind_driver
                0x10006a74       0x34 CMakeFiles/wpa2_enterprise_interactive.dir/home/runner/work/pico-sdk/pico-sdk/lib/tinyusb/src/tusb.c.o
                0x10006a74                tu_edpt_bind_driver
 .text.tu_edpt_stream_init
                0x10006aa8       0x6c CMakeFiles/wpa2_enterprise_interactive.dir/home/runner/work/pico-sdk/pico-sdk/lib/tinyusb/src/tusb.c.o
                0x10006aa8                tu_edpt_stream_init
 .text.tu_edpt_stream_deinit
                0x10006b14        0x4 CMakeFiles/wpa2_enterprise_interactive.dir/home/runner/work/pico-sdk/pico-sdk/lib/tinyusb/src/tusb.c.o
                0x10006b14                tu_edpt_stream_deinit
 .text.tu_edpt_stream_write_zlp_if_needed
                0x10006b18       0x68 CMakeFiles/wpa2_enterprise_interactive.dir/home/runner/work/pico-sdk/pico-sdk/lib/tinyusb/src/tusb.c.o
                0x10006b18                tu_edpt_stream_write_zlp_if_needed
 .text.tu_edpt_stream_write_xfer
                0x10006b80       0x64 CMakeFiles/wpa2_enterprise_interactive.dir/home/runner/work/pico-sdk/pico-sdk/lib/tinyusb/src/tusb.c.o
                0x10006b80                tu_edpt_stream_write_xfer
 .text.tu_edpt_stream_read_xfer
                0x10006be4       0xdc CMakeFiles/wpa2_enterprise_interactive.dir/home/runner/work/pico-sdk/pico-sdk/lib/tinyusb/src/tusb.c.o
                0x10006be4                tu_edpt_stream_read_xfer
 .text.tu_fifo_config
                0x10006cc0       0x6c CMakeFiles/wpa2_enterprise_interactive.dir/home/runner/work/pico-sdk/pico-sdk/lib/tinyusb/src/common/tusb_fifo.c.o
                0x10006cc0                tu_fifo_config
 .text.tu_fifo_count
                0x10006d2c       0x2c CMakeFiles/wpa2_enterprise_interactive.dir/home/runner/work/pico-sdk/pico-sdk/lib/tinyusb/src/common/tusb_fifo.c.o
                0x10006d2c                tu_fifo_count
 .text.tu_fifo_empty
                0x10006d58       0x10 CMakeFiles/wpa2_enterprise_interactive.dir/home/runner/work/pico-sdk/pico-sdk/lib/tinyusb/src/common/tusb_fifo.c.o
                0x10006d58                tu_fifo_empty
 .text.tu_fifo_remaining
                0x10006d68       0x2c CMakeFiles/wpa2_enterprise_interactive.dir/home/runner/work/pico-sdk/pico-sdk/lib/tinyusb/src/common/tusb_fifo.c.o
                0x10006d68                tu_fifo_remaining
 .text.tu_fifo_read
                0x10006d94       0x9c CMakeFiles/wpa2_enterprise_interactive.dir/home/runner/work/pico-sdk/pico-sdk/lib/tinyusb/src/common/tusb_fifo.c.o
                0x10006d94                tu_fifo_read
 .text.tu_fifo_read_n
                0x10006e30       0xe8 CMakeFiles/wpa2_enterprise_interactive.dir/home/runner/work/pico-sdk/pico-sdk/lib/tinyusb/src/common/tusb_fifo.c.o
                0x10006e30                tu_fifo_read_n
 .text.tu_fifo_write
                0x10006f18       0xa8 CMakeFiles/wpa2_enterprise_interactive.dir/home/runner/work/pico-sdk/pico-sdk/lib/tinyusb/src/common/tusb_fifo.c.o
                0x10006f18                tu_fifo_write
 .text.tu_fifo_write_n
                0x10006fc0      0x178 CMakeFiles/wpa2_enterprise_interactive.dir/home/runner/work/pico-sdk/pico-sdk/lib/tinyusb/src/common/tusb_fifo.c.o
                0x10006fc0                tu_fifo_write_n
 .text.tu_fifo_clear
                0x10007138       0x40 CMakeFiles/wpa2_enterprise_interactive.dir/home/runner/work/pico-sdk/pico-sdk/lib/tinyusb/src/common/tusb_fifo.c.o
                0x10007138                tu_fifo_clear
 .text.tu_fifo_set_overwritable
                0x10007178       0x48 CMakeFiles/wpa2_enterprise_interactive.dir/home/runner/work/pico-sdk/pico-sdk/lib/tinyusb/src/common/tusb_fifo.c.o
                0x10007178                tu_fifo_set_overwritable
 .text.lwip_timeout_reached
                0x100071c0        0x8 CMakeFiles/wpa2_enterprise_interactive.dir/home/runner/work/pico-sdk/pico-sdk/src/rp2_common/pico_lwip/lwip_nosys.c.o
 .text.update_next_timeout
                0x100071c8       0x60 CMakeFiles/wpa2_enterprise_interactive.dir/home/runner/work/pico-sdk/pico-sdk/src/rp2_common/pico_lwip/lwip_nosys.c.o
 .text.lwip_nosys_init
                0x10007228       0x30 CMakeFiles/wpa2_enterprise_interactive.dir/home/runner/work/pico-sdk/pico-sdk/src/rp2_common/pico_lwip/lwip_nosys.c.o
                0x10007228                lwip_nosys_init
 .text.lwip_nosys_deinit
                0x10007258       0x20 CMakeFiles/wpa2_enterprise_interactive.dir/home/runner/work/pico-sdk/pico-sdk/src/rp2_common/pico_lwip/lwip_nosys.c.o
                0x10007258                lwip_nosys_deinit
 .text.sys_arch_protect
                0x10007278        0x4 CMakeFiles/wpa2_enterprise_interactive.dir/home/runner/work/pico-sdk/pico-sdk/src/rp2_common/pico_lwip/lwip_nosys.c.o
                0x10007278                sys_arch_protect
 .text.sys_arch_unprotect
                0x1000727c        0x4 CMakeFiles/wpa2_enterprise_interactive.dir/home/runner/work/pico-sdk/pico-sdk/src/rp2_common/pico_lwip/lwip_nosys.c.o
                0x1000727c                sys_arch_unprotect
 .text.sys_now  0x10007280       0x20 CMakeFiles/wpa2_enterprise_interactive.dir/home/runner/work/pico-sdk/pico-sdk/src/rp2_common/pico_lwip/lwip_nosys.c.o
                0x10007280                sys_now
 .text.async_context_base_add_at_time_worker
                0x100072a0       0x24 CMakeFiles/wpa2_enterprise_interactive.dir/home/runner/work/pico-sdk/pico-sdk/src/rp2_common/pico_async_context/async_context_base.c.o
                0x100072a0                async_context_base_add_at_time_worker
 .text.async_context_base_remove_at_time_worker
                0x100072c4       0x28 CMakeFiles/wpa2_enterprise_interactive.dir/home/runner/work/pico-sdk/pico-sdk/src/rp2_common/pico_async_context/async_context_base.c.o
                0x100072c4                async_context_base_remove_at_time_worker
 .text.async_context_base_add_when_pending_worker
                0x100072ec       0x24 CMakeFiles/wpa2_enterprise_interactive.dir/home/runner/work/pico-sdk/pico-sdk/src/rp2_common/pico_async_context/async_context_base.c.o
                0x100072ec                async_context_base_add_when_pending_worker
 .text.async_context_base_remove_when_pending_worker
                0x10007310       0x28 CMakeFiles/wpa2_enterprise_interactive.dir/home/runner/work/pico-sdk/pico-sdk/src/rp2_common/pico_async_context/async_context_base.c.o
                0x10007310                async_context_base_remove_when_pending_worker
 .text.async_context_base_execute_once
                0x10007338      0x108 CMakeFiles/wpa2_enterprise_interactive.dir/home/runner/work/pico-sdk/pico-sdk/src/rp2_common/pico_async_context/async_context_base.c.o
                0x10007338                async_context_base_execute_once
 .text.splitmix64
                0x10007440       0x58 CMakeFiles/wpa2_enterprise_interactive.dir/home/runner/work/pico-sdk/pico-sdk/src/rp2_common/pico_rand/rand.c.o
 .text.xoroshiro128ss
                0x10007498       0x90 CMakeFiles/wpa2_enterprise_interactive.dir/home/runner/work/pico-sdk/pico-sdk/src/rp2_common/pico_rand/rand.c.o
 .text.get_rand_64
                0x10007528      0x4a4 CMakeFiles/wpa2_enterprise_interactive.dir/home/runner/work/pico-sdk/pico-sdk/src/rp2_common/pico_rand/rand.c.o
                0x10007528                get_rand_64
 .text.get_rand_32
                0x100079cc        0x8 CMakeFiles/wpa2_enterprise_interactive.dir/home/runner/work/pico-sdk/pico-sdk/src/rp2_common/pico_rand/rand.c.o
                0x100079cc                get_rand_32
 .text.lwip_init
                0x100079d4       0x24 CMakeFiles/wpa2_enterprise_interactive.dir/home/runner/work/pico-sdk/pico-sdk/lib/lwip/src/core/init.c.o
                0x100079d4                lwip_init
 .text.lwip_htons
                0x100079f8        0x8 CMakeFiles/wpa2_enterprise_interactive.dir/home/runner/work/pico-sdk/pico-sdk/lib/lwip/src/core/def.c.o
                0x100079f8                lwip_htons
 .text.lwip_htonl
                0x10007a00        0x4 CMakeFiles/wpa2_enterprise_interactive.dir/home/runner/work/pico-sdk/pico-sdk/lib/lwip/src/core/def.c.o
                0x10007a00                lwip_htonl
 .text.dns_call_found
                0x10007a04      0x184 CMakeFiles/wpa2_enterprise_interactive.dir/home/runner/work/pico-sdk/pico-sdk/lib/lwip/src/core/dns.c.o
 .text.dns_send.isra.0
                0x10007b88      0x174 CMakeFiles/wpa2_enterprise_interactive.dir/home/runner/work/pico-sdk/pico-sdk/lib/lwip/src/core/dns.c.o
 .text.dns_init
                0x10007cfc        0x4 CMakeFiles/wpa2_enterprise_interactive.dir/home/runner/work/pico-sdk/pico-sdk/lib/lwip/src/core/dns.c.o
                0x10007cfc                dns_init
 .text.dns_setserver
                0x10007d00       0x24 CMakeFiles/wpa2_enterprise_interactive.dir/home/runner/work/pico-sdk/pico-sdk/lib/lwip/src/core/dns.c.o
                0x10007d00                dns_setserver
 .text.dns_tmr  0x10007d24      0x140 CMakeFiles/wpa2_enterprise_interactive.dir/home/runner/work/pico-sdk/pico-sdk/lib/lwip/src/core/dns.c.o
                0x10007d24                dns_tmr
 .text.lwip_standard_chksum
                0x10007e64       0xdc CMakeFiles/wpa2_enterprise_interactive.dir/home/runner/work/pico-sdk/pico-sdk/lib/lwip/src/core/inet_chksum.c.o
                0x10007e64                lwip_standard_chksum
 .text.inet_chksum_pseudo
                0x10007f40       0xbc CMakeFiles/wpa2_enterprise_interactive.dir/home/runner/work/pico-sdk/pico-sdk/lib/lwip/src/core/inet_chksum.c.o
                0x10007f40                inet_chksum_pseudo
 .text.ip_chksum_pseudo
                0x10007ffc       0x10 CMakeFiles/wpa2_enterprise_interactive.dir/home/runner/work/pico-sdk/pico-sdk/lib/lwip/src/core/inet_chksum.c.o
                0x10007ffc                ip_chksum_pseudo
 .text.inet_chksum
                0x1000800c        0xc CMakeFiles/wpa2_enterprise_interactive.dir/home/runner/work/pico-sdk/pico-sdk/lib/lwip/src/core/inet_chksum.c.o
                0x1000800c                inet_chksum
 .text.inet_chksum_pbuf
                0x10008018       0x78 CMakeFiles/wpa2_enterprise_interactive.dir/home/runner/work/pico-sdk/pico-sdk/lib/lwip/src/core/inet_chksum.c.o
                0x10008018                inet_chksum_pbuf
 .text.mem_init
                0x10008090        0x4 CMakeFiles/wpa2_enterprise_interactive.dir/home/runner/work/pico-sdk/pico-sdk/lib/lwip/src/core/mem.c.o
                0x10008090                mem_init
 .text.mem_trim
                0x10008094        0x4 CMakeFiles/wpa2_enterprise_interactive.dir/home/runner/work/pico-sdk/pico-sdk/lib/lwip/src/core/mem.c.o
                0x10008094                mem_trim
 .text.mem_malloc
                0x10008098       0x2c CMakeFiles/wpa2_enterprise_interactive.dir/home/runner/work/pico-sdk/pico-sdk/lib/lwip/src/core/mem.c.o
                0x10008098                mem_malloc
 .text.mem_free
                0x100080c4       0x2c CMakeFiles/wpa2_enterprise_interactive.dir/home/runner/work/pico-sdk/pico-sdk/lib/lwip/src/core/mem.c.o
                0x100080c4                mem_free
 .text.memp_init
                0x100080f0        0x4 CMakeFiles/wpa2_enterprise_interactive.dir/home/runner/work/pico-sdk/pico-sdk/lib/lwip/src/core/memp.c.o
                0x100080f0                memp_init
 .text.memp_malloc
                0x100080f4       0x44 CMakeFiles/wpa2_enterprise_interactive.dir/home/runner/work/pico-sdk/pico-sdk/lib/lwip/src/core/memp.c.o
                0x100080f4                memp_malloc
 .text.memp_free
                0x10008138       0x2c CMakeFiles/wpa2_enterprise_interactive.dir/home/runner/work/pico-sdk/pico-sdk/lib/lwip/src/core/memp.c.o
                0x10008138                memp_free
 .text.netif_null_output_ip4
                0x10008164        0x8 CMakeFiles/wpa2_enterprise_interactive.dir/home/runner/work/pico-sdk/pico-sdk/lib/lwip/src/core/netif.c.o
 .text.netif_do_set_ipaddr.isra.0
                0x1000816c       0x60 CMakeFiles/wpa2_enterprise_interactive.dir/home/runner/work/pico-sdk/pico-sdk/lib/lwip/src/core/netif.c.o
 .text.netif_init
                0x100081cc        0x4 CMakeFiles/wpa2_enterprise_interactive.dir/home/runner/work/pico-sdk/pico-sdk/lib/lwip/src/core/netif.c.o
                0x100081cc                netif_init
 .text.netif_add
                0x100081d0      0x16c CMakeFiles/wpa2_enterprise_interactive.dir/home/runner/work/pico-sdk/pico-sdk/lib/lwip/src/core/netif.c.o
                0x100081d0                netif_add
 .text.netif_set_addr
                0x1000833c       0xb4 CMakeFiles/wpa2_enterprise_interactive.dir/home/runner/work/pico-sdk/pico-sdk/lib/lwip/src/core/netif.c.o
                0x1000833c                netif_set_addr
 .text.netif_remove
                0x100083f0       0x94 CMakeFiles/wpa2_enterprise_interactive.dir/home/runner/work/pico-sdk/pico-sdk/lib/lwip/src/core/netif.c.o
                0x100083f0                netif_remove
 .text.netif_set_default
                0x10008484        0xc CMakeFiles/wpa2_enterprise_interactive.dir/home/runner/work/pico-sdk/pico-sdk/lib/lwip/src/core/netif.c.o
                0x10008484                netif_set_default
 .text.netif_set_up
                0x10008490       0x40 CMakeFiles/wpa2_enterprise_interactive.dir/home/runner/work/pico-sdk/pico-sdk/lib/lwip/src/core/netif.c.o
                0x10008490                netif_set_up
 .text.netif_set_link_up
                0x100084d0       0x44 CMakeFiles/wpa2_enterprise_interactive.dir/home/runner/work/pico-sdk/pico-sdk/lib/lwip/src/core/netif.c.o
                0x100084d0                netif_set_link_up
 .text.netif_set_link_down
                0x10008514       0x20 CMakeFiles/wpa2_enterprise_interactive.dir/home/runner/work/pico-sdk/pico-sdk/lib/lwip/src/core/netif.c.o
                0x10008514                netif_set_link_down
 .text.netif_get_by_index
                0x10008534       0x2c CMakeFiles/wpa2_enterprise_interactive.dir/home/runner/work/pico-sdk/pico-sdk/lib/lwip/src/core/netif.c.o
                0x10008534                netif_get_by_index
 .text.pbuf_free.part.0
                0x10008560       0x7c CMakeFiles/wpa2_enterprise_interactive.dir/home/runner/work/pico-sdk/pico-sdk/lib/lwip/src/core/pbuf.c.o
 .text.pbuf_free_ooseq
                0x100085dc       0x34 CMakeFiles/wpa2_enterprise_interactive.dir/home/runner/work/pico-sdk/pico-sdk/lib/lwip/src/core/pbuf.c.o
                0x100085dc                pbuf_free_ooseq
 .text.pbuf_alloc
                0x10008610      0x12c CMakeFiles/wpa2_enterprise_interactive.dir/home/runner/work/pico-sdk/pico-sdk/lib/lwip/src/core/pbuf.c.o
                0x10008610                pbuf_alloc
 .text.pbuf_realloc
                0x1000873c       0x84 CMakeFiles/wpa2_enterprise_interactive.dir/home/runner/work/pico-sdk/pico-sdk/lib/lwip/src/core/pbuf.c.o
                0x1000873c                pbuf_realloc
 .text.pbuf_add_header
                0x100087c0       0x50 CMakeFiles/wpa2_enterprise_interactive.dir/home/runner/work/pico-sdk/pico-sdk/lib/lwip/src/core/pbuf.c.o
                0x100087c0                pbuf_add_header
 .text.pbuf_remove_header
                0x10008810       0x3c CMakeFiles/wpa2_enterprise_interactive.dir/home/runner/work/pico-sdk/pico-sdk/lib/lwip/src/core/pbuf.c.o
                0x10008810                pbuf_remove_header
 .text.pbuf_header_force
                0x1000884c       0x68 CMakeFiles/wpa2_enterprise_interactive.dir/home/runner/work/pico-sdk/pico-sdk/lib/lwip/src/core/pbuf.c.o
                0x1000884c                pbuf_header_force
 .text.pbuf_free
                0x100088b4       0x18 CMakeFiles/wpa2_enterprise_interactive.dir/home/runner/work/pico-sdk/pico-sdk/lib/lwip/src/core/pbuf.c.o
                0x100088b4                pbuf_free
 .text.pbuf_clen
                0x100088cc       0x14 CMakeFiles/wpa2_enterprise_interactive.dir/home/runner/work/pico-sdk/pico-sdk/lib/lwip/src/core/pbuf.c.o
                0x100088cc                pbuf_clen
 .text.pbuf_ref
                0x100088e0       0x28 CMakeFiles/wpa2_enterprise_interactive.dir/home/runner/work/pico-sdk/pico-sdk/lib/lwip/src/core/pbuf.c.o
                0x100088e0                pbuf_ref
 .text.pbuf_cat
                0x10008908       0x54 CMakeFiles/wpa2_enterprise_interactive.dir/home/runner/work/pico-sdk/pico-sdk/lib/lwip/src/core/pbuf.c.o
                0x10008908                pbuf_cat
 .text.pbuf_chain
                0x1000895c       0x70 CMakeFiles/wpa2_enterprise_interactive.dir/home/runner/work/pico-sdk/pico-sdk/lib/lwip/src/core/pbuf.c.o
                0x1000895c                pbuf_chain
 .text.pbuf_copy_partial_pbuf
                0x100089cc      0x148 CMakeFiles/wpa2_enterprise_interactive.dir/home/runner/work/pico-sdk/pico-sdk/lib/lwip/src/core/pbuf.c.o
                0x100089cc                pbuf_copy_partial_pbuf
 .text.pbuf_copy
                0x10008b14       0x18 CMakeFiles/wpa2_enterprise_interactive.dir/home/runner/work/pico-sdk/pico-sdk/lib/lwip/src/core/pbuf.c.o
                0x10008b14                pbuf_copy
 .text.pbuf_copy_partial
                0x10008b2c       0x68 CMakeFiles/wpa2_enterprise_interactive.dir/home/runner/work/pico-sdk/pico-sdk/lib/lwip/src/core/pbuf.c.o
                0x10008b2c                pbuf_copy_partial
 .text.pbuf_take
                0x10008b94       0x78 CMakeFiles/wpa2_enterprise_interactive.dir/home/runner/work/pico-sdk/pico-sdk/lib/lwip/src/core/pbuf.c.o
                0x10008b94                pbuf_take
 .text.pbuf_take_at
                0x10008c0c       0xcc CMakeFiles/wpa2_enterprise_interactive.dir/home/runner/work/pico-sdk/pico-sdk/lib/lwip/src/core/pbuf.c.o
                0x10008c0c                pbuf_take_at
 .text.pbuf_clone
                0x10008cd8       0x30 CMakeFiles/wpa2_enterprise_interactive.dir/home/runner/work/pico-sdk/pico-sdk/lib/lwip/src/core/pbuf.c.o
                0x10008cd8                pbuf_clone
 .text.pbuf_put_at
                0x10008d08       0x1c CMakeFiles/wpa2_enterprise_interactive.dir/home/runner/work/pico-sdk/pico-sdk/lib/lwip/src/core/pbuf.c.o
                0x10008d08                pbuf_put_at
 .text.raw_input
                0x10008d24      0x164 CMakeFiles/wpa2_enterprise_interactive.dir/home/runner/work/pico-sdk/pico-sdk/lib/lwip/src/core/raw.c.o
                0x10008d24                raw_input
 .text.raw_netif_ip_addr_changed
                0x10008e88       0x40 CMakeFiles/wpa2_enterprise_interactive.dir/home/runner/work/pico-sdk/pico-sdk/lib/lwip/src/core/raw.c.o
                0x10008e88                raw_netif_ip_addr_changed
 .text.stats_init
                0x10008ec8        0x4 CMakeFiles/wpa2_enterprise_interactive.dir/home/runner/work/pico-sdk/pico-sdk/lib/lwip/src/core/stats.c.o
                0x10008ec8                stats_init
 .text.tcp_close_shutdown_fin
                0x10008ecc       0x54 CMakeFiles/wpa2_enterprise_interactive.dir/home/runner/work/pico-sdk/pico-sdk/lib/lwip/src/core/tcp.c.o
 .text.tcp_pcb_purge.part.0
                0x10008f20       0xc4 CMakeFiles/wpa2_enterprise_interactive.dir/home/runner/work/pico-sdk/pico-sdk/lib/lwip/src/core/tcp.c.o
 .text.tcp_init
                0x10008fe4       0x20 CMakeFiles/wpa2_enterprise_interactive.dir/home/runner/work/pico-sdk/pico-sdk/lib/lwip/src/core/tcp.c.o
                0x10008fe4                tcp_init
 .text.tcp_free
                0x10009004       0x1c CMakeFiles/wpa2_enterprise_interactive.dir/home/runner/work/pico-sdk/pico-sdk/lib/lwip/src/core/tcp.c.o
                0x10009004                tcp_free
 .text.tcp_update_rcv_ann_wnd
                0x10009020       0x58 CMakeFiles/wpa2_enterprise_interactive.dir/home/runner/work/pico-sdk/pico-sdk/lib/lwip/src/core/tcp.c.o
                0x10009020                tcp_update_rcv_ann_wnd
 .text.tcp_recved
                0x10009078       0x98 CMakeFiles/wpa2_enterprise_interactive.dir/home/runner/work/pico-sdk/pico-sdk/lib/lwip/src/core/tcp.c.o
                0x10009078                tcp_recved
 .text.tcp_slowtmr
                0x10009110      0x524 CMakeFiles/wpa2_enterprise_interactive.dir/home/runner/work/pico-sdk/pico-sdk/lib/lwip/src/core/tcp.c.o
                0x10009110                tcp_slowtmr
 .text.tcp_segs_free
                0x10009634       0x38 CMakeFiles/wpa2_enterprise_interactive.dir/home/runner/work/pico-sdk/pico-sdk/lib/lwip/src/core/tcp.c.o
                0x10009634                tcp_segs_free
 .text.tcp_seg_free
                0x1000966c       0x1c CMakeFiles/wpa2_enterprise_interactive.dir/home/runner/work/pico-sdk/pico-sdk/lib/lwip/src/core/tcp.c.o
                0x1000966c                tcp_seg_free
 .text.tcp_seg_copy
                0x10009688       0x2c CMakeFiles/wpa2_enterprise_interactive.dir/home/runner/work/pico-sdk/pico-sdk/lib/lwip/src/core/tcp.c.o
                0x10009688                tcp_seg_copy
 .text.tcp_pcb_purge
                0x100096b4       0x18 CMakeFiles/wpa2_enterprise_interactive.dir/home/runner/work/pico-sdk/pico-sdk/lib/lwip/src/core/tcp.c.o
                0x100096b4                tcp_pcb_purge
 .text.tcp_pcb_remove
                0x100096cc       0xc8 CMakeFiles/wpa2_enterprise_interactive.dir/home/runner/work/pico-sdk/pico-sdk/lib/lwip/src/core/tcp.c.o
                0x100096cc                tcp_pcb_remove
 .text.tcp_abandon
                0x10009794      0x1a0 CMakeFiles/wpa2_enterprise_interactive.dir/home/runner/work/pico-sdk/pico-sdk/lib/lwip/src/core/tcp.c.o
                0x10009794                tcp_abandon
 .text.tcp_abort
                0x10009934        0xc CMakeFiles/wpa2_enterprise_interactive.dir/home/runner/work/pico-sdk/pico-sdk/lib/lwip/src/core/tcp.c.o
                0x10009934                tcp_abort
 .text.tcp_alloc
                0x10009940      0x1d4 CMakeFiles/wpa2_enterprise_interactive.dir/home/runner/work/pico-sdk/pico-sdk/lib/lwip/src/core/tcp.c.o
                0x10009940                tcp_alloc
 .text.tcp_close_shutdown
                0x10009b14      0x188 CMakeFiles/wpa2_enterprise_interactive.dir/home/runner/work/pico-sdk/pico-sdk/lib/lwip/src/core/tcp.c.o
 .text.tcp_recv_null
                0x10009c9c       0xcc CMakeFiles/wpa2_enterprise_interactive.dir/home/runner/work/pico-sdk/pico-sdk/lib/lwip/src/core/tcp.c.o
                0x10009c9c                tcp_recv_null
 .text.tcp_process_refused_data
                0x10009d68       0x78 CMakeFiles/wpa2_enterprise_interactive.dir/home/runner/work/pico-sdk/pico-sdk/lib/lwip/src/core/tcp.c.o
                0x10009d68                tcp_process_refused_data
 .text.tcp_fasttmr
                0x10009de0       0x98 CMakeFiles/wpa2_enterprise_interactive.dir/home/runner/work/pico-sdk/pico-sdk/lib/lwip/src/core/tcp.c.o
                0x10009de0                tcp_fasttmr
 .text.tcp_tmr  0x10009e78       0x20 CMakeFiles/wpa2_enterprise_interactive.dir/home/runner/work/pico-sdk/pico-sdk/lib/lwip/src/core/tcp.c.o
                0x10009e78                tcp_tmr
 .text.tcp_next_iss
                0x10009e98       0x28 CMakeFiles/wpa2_enterprise_interactive.dir/home/runner/work/pico-sdk/pico-sdk/lib/lwip/src/core/tcp.c.o
                0x10009e98                tcp_next_iss
 .text.tcp_eff_send_mss_netif
                0x10009ec0       0x34 CMakeFiles/wpa2_enterprise_interactive.dir/home/runner/work/pico-sdk/pico-sdk/lib/lwip/src/core/tcp.c.o
                0x10009ec0                tcp_eff_send_mss_netif
 .text.tcp_netif_ip_addr_changed
                0x10009ef4       0x94 CMakeFiles/wpa2_enterprise_interactive.dir/home/runner/work/pico-sdk/pico-sdk/lib/lwip/src/core/tcp.c.o
                0x10009ef4                tcp_netif_ip_addr_changed
 .text.tcp_free_ooseq
                0x10009f88       0x40 CMakeFiles/wpa2_enterprise_interactive.dir/home/runner/work/pico-sdk/pico-sdk/lib/lwip/src/core/tcp.c.o
                0x10009f88                tcp_free_ooseq
 .text.tcp_parseopt
                0x10009fc8      0x1bc CMakeFiles/wpa2_enterprise_interactive.dir/home/runner/work/pico-sdk/pico-sdk/lib/lwip/src/core/tcp_in.c.o
 .text.tcp_oos_insert_segment
                0x1000a184       0xdc CMakeFiles/wpa2_enterprise_interactive.dir/home/runner/work/pico-sdk/pico-sdk/lib/lwip/src/core/tcp_in.c.o
 .text.tcp_free_acked_segments.isra.0
                0x1000a260       0xdc CMakeFiles/wpa2_enterprise_interactive.dir/home/runner/work/pico-sdk/pico-sdk/lib/lwip/src/core/tcp_in.c.o
 .text.tcp_receive
                0x1000a33c      0xa04 CMakeFiles/wpa2_enterprise_interactive.dir/home/runner/work/pico-sdk/pico-sdk/lib/lwip/src/core/tcp_in.c.o
 .text.tcp_input
                0x1000ad40      0xe54 CMakeFiles/wpa2_enterprise_interactive.dir/home/runner/work/pico-sdk/pico-sdk/lib/lwip/src/core/tcp_in.c.o
                0x1000ad40                tcp_input
 .text.tcp_trigger_input_pcb_close
                0x1000bb94       0x10 CMakeFiles/wpa2_enterprise_interactive.dir/home/runner/work/pico-sdk/pico-sdk/lib/lwip/src/core/tcp_in.c.o
                0x1000bb94                tcp_trigger_input_pcb_close
 .text.tcp_create_segment
                0x1000bba4       0xf8 CMakeFiles/wpa2_enterprise_interactive.dir/home/runner/work/pico-sdk/pico-sdk/lib/lwip/src/core/tcp_out.c.o
 .text.tcp_output_control_segment
                0x1000bc9c       0xc0 CMakeFiles/wpa2_enterprise_interactive.dir/home/runner/work/pico-sdk/pico-sdk/lib/lwip/src/core/tcp_out.c.o
 .text.tcp_output_alloc_header.constprop.0
                0x1000bd5c       0xc8 CMakeFiles/wpa2_enterprise_interactive.dir/home/runner/work/pico-sdk/pico-sdk/lib/lwip/src/core/tcp_out.c.o
 .text.tcp_split_unsent_seg
                0x1000be24      0x1b4 CMakeFiles/wpa2_enterprise_interactive.dir/home/runner/work/pico-sdk/pico-sdk/lib/lwip/src/core/tcp_out.c.o
                0x1000be24                tcp_split_unsent_seg
 .text.tcp_send_fin
                0x1000bfd8      0x118 CMakeFiles/wpa2_enterprise_interactive.dir/home/runner/work/pico-sdk/pico-sdk/lib/lwip/src/core/tcp_out.c.o
                0x1000bfd8                tcp_send_fin
 .text.tcp_enqueue_flags
                0x1000c0f0      0x108 CMakeFiles/wpa2_enterprise_interactive.dir/home/runner/work/pico-sdk/pico-sdk/lib/lwip/src/core/tcp_out.c.o
                0x1000c0f0                tcp_enqueue_flags
 .text.tcp_rexmit_rto_prepare
                0x1000c1f8       0x9c CMakeFiles/wpa2_enterprise_interactive.dir/home/runner/work/pico-sdk/pico-sdk/lib/lwip/src/core/tcp_out.c.o
                0x1000c1f8                tcp_rexmit_rto_prepare
 .text.tcp_rexmit
                0x1000c294       0x9c CMakeFiles/wpa2_enterprise_interactive.dir/home/runner/work/pico-sdk/pico-sdk/lib/lwip/src/core/tcp_out.c.o
                0x1000c294                tcp_rexmit
 .text.tcp_rexmit_fast
                0x1000c330       0x64 CMakeFiles/wpa2_enterprise_interactive.dir/home/runner/work/pico-sdk/pico-sdk/lib/lwip/src/core/tcp_out.c.o
                0x1000c330                tcp_rexmit_fast
 .text.tcp_rst  0x1000c394       0xe8 CMakeFiles/wpa2_enterprise_interactive.dir/home/runner/work/pico-sdk/pico-sdk/lib/lwip/src/core/tcp_out.c.o
                0x1000c394                tcp_rst
 .text.tcp_rst_netif
                0x1000c47c      0x130 CMakeFiles/wpa2_enterprise_interactive.dir/home/runner/work/pico-sdk/pico-sdk/lib/lwip/src/core/tcp_out.c.o
                0x1000c47c                tcp_rst_netif
 .text.tcp_send_empty_ack
                0x1000c5ac       0x4c CMakeFiles/wpa2_enterprise_interactive.dir/home/runner/work/pico-sdk/pico-sdk/lib/lwip/src/core/tcp_out.c.o
                0x1000c5ac                tcp_send_empty_ack
 .text.tcp_output
                0x1000c5f8      0x454 CMakeFiles/wpa2_enterprise_interactive.dir/home/runner/work/pico-sdk/pico-sdk/lib/lwip/src/core/tcp_out.c.o
                0x1000c5f8                tcp_output
 .text.tcp_rexmit_rto_commit
                0x1000ca4c       0x24 CMakeFiles/wpa2_enterprise_interactive.dir/home/runner/work/pico-sdk/pico-sdk/lib/lwip/src/core/tcp_out.c.o
                0x1000ca4c                tcp_rexmit_rto_commit
 .text.tcp_rexmit_rto
                0x1000ca70       0xa4 CMakeFiles/wpa2_enterprise_interactive.dir/home/runner/work/pico-sdk/pico-sdk/lib/lwip/src/core/tcp_out.c.o
                0x1000ca70                tcp_rexmit_rto
 .text.tcp_keepalive
                0x1000cb14       0xdc CMakeFiles/wpa2_enterprise_interactive.dir/home/runner/work/pico-sdk/pico-sdk/lib/lwip/src/core/tcp_out.c.o
                0x1000cb14                tcp_keepalive
 .text.tcp_zero_window_probe
                0x1000cbf0      0x110 CMakeFiles/wpa2_enterprise_interactive.dir/home/runner/work/pico-sdk/pico-sdk/lib/lwip/src/core/tcp_out.c.o
                0x1000cbf0                tcp_zero_window_probe
 .text.tcpip_tcp_timer
                0x1000cd00       0x78 CMakeFiles/wpa2_enterprise_interactive.dir/home/runner/work/pico-sdk/pico-sdk/lib/lwip/src/core/timeouts.c.o
 .text.lwip_cyclic_timer
                0x1000cd78       0x98 CMakeFiles/wpa2_enterprise_interactive.dir/home/runner/work/pico-sdk/pico-sdk/lib/lwip/src/core/timeouts.c.o
 .text.tcp_timer_needed
                0x1000ce10       0x7c CMakeFiles/wpa2_enterprise_interactive.dir/home/runner/work/pico-sdk/pico-sdk/lib/lwip/src/core/timeouts.c.o
                0x1000ce10                tcp_timer_needed
 .text.sys_timeouts_init
                0x1000ce8c       0x8c CMakeFiles/wpa2_enterprise_interactive.dir/home/runner/work/pico-sdk/pico-sdk/lib/lwip/src/core/timeouts.c.o
                0x1000ce8c                sys_timeouts_init
 .text.sys_check_timeouts
                0x1000cf18       0x68 CMakeFiles/wpa2_enterprise_interactive.dir/home/runner/work/pico-sdk/pico-sdk/lib/lwip/src/core/timeouts.c.o
                0x1000cf18                sys_check_timeouts
 .text.sys_timeouts_sleeptime
                0x1000cf80       0x28 CMakeFiles/wpa2_enterprise_interactive.dir/home/runner/work/pico-sdk/pico-sdk/lib/lwip/src/core/timeouts.c.o
                0x1000cf80                sys_timeouts_sleeptime
 .text.udp_init
                0x1000cfa8       0x20 CMakeFiles/wpa2_enterprise_interactive.dir/home/runner/work/pico-sdk/pico-sdk/lib/lwip/src/core/udp.c.o
                0x1000cfa8                udp_init
 .text.udp_input
                0x1000cfc8      0x320 CMakeFiles/wpa2_enterprise_interactive.dir/home/runner/work/pico-sdk/pico-sdk/lib/lwip/src/core/udp.c.o
                0x1000cfc8                udp_input
 .text.udp_bind
                0x1000d2e8      0x118 CMakeFiles/wpa2_enterprise_interactive.dir/home/runner/work/pico-sdk/pico-sdk/lib/lwip/src/core/udp.c.o
                0x1000d2e8                udp_bind
 .text.udp_sendto_if_src
                0x1000d400      0x130 CMakeFiles/wpa2_enterprise_interactive.dir/home/runner/work/pico-sdk/pico-sdk/lib/lwip/src/core/udp.c.o
                0x1000d400                udp_sendto_if_src
 .text.udp_sendto_if
                0x1000d530       0x48 CMakeFiles/wpa2_enterprise_interactive.dir/home/runner/work/pico-sdk/pico-sdk/lib/lwip/src/core/udp.c.o
                0x1000d530                udp_sendto_if
 .text.udp_sendto
                0x1000d578       0x78 CMakeFiles/wpa2_enterprise_interactive.dir/home/runner/work/pico-sdk/pico-sdk/lib/lwip/src/core/udp.c.o
                0x1000d578                udp_sendto
 .text.udp_connect
                0x1000d5f0       0x60 CMakeFiles/wpa2_enterprise_interactive.dir/home/runner/work/pico-sdk/pico-sdk/lib/lwip/src/core/udp.c.o
                0x1000d5f0                udp_connect
 .text.udp_recv
                0x1000d650        0xc CMakeFiles/wpa2_enterprise_interactive.dir/home/runner/work/pico-sdk/pico-sdk/lib/lwip/src/core/udp.c.o
                0x1000d650                udp_recv
 .text.udp_remove
                0x1000d65c       0x3c CMakeFiles/wpa2_enterprise_interactive.dir/home/runner/work/pico-sdk/pico-sdk/lib/lwip/src/core/udp.c.o
                0x1000d65c                udp_remove
 .text.udp_new  0x1000d698       0x1c CMakeFiles/wpa2_enterprise_interactive.dir/home/runner/work/pico-sdk/pico-sdk/lib/lwip/src/core/udp.c.o
                0x1000d698                udp_new
 .text.udp_netif_ip_addr_changed
                0x1000d6b4       0x40 CMakeFiles/wpa2_enterprise_interactive.dir/home/runner/work/pico-sdk/pico-sdk/lib/lwip/src/core/udp.c.o
                0x1000d6b4                udp_netif_ip_addr_changed
 .text.dhcp_create_msg
                0x1000d6f4      0x164 CMakeFiles/wpa2_enterprise_interactive.dir/home/runner/work/pico-sdk/pico-sdk/lib/lwip/src/core/ipv4/dhcp.c.o
 .text.dhcp_inc_pcb_refcount
                0x1000d858       0x6c CMakeFiles/wpa2_enterprise_interactive.dir/home/runner/work/pico-sdk/pico-sdk/lib/lwip/src/core/ipv4/dhcp.c.o
 .text.dhcp_bind
                0x1000d8c4      0x138 CMakeFiles/wpa2_enterprise_interactive.dir/home/runner/work/pico-sdk/pico-sdk/lib/lwip/src/core/ipv4/dhcp.c.o
 .text.dhcp_option_hostname.isra.0
                0x1000d9fc       0x84 CMakeFiles/wpa2_enterprise_interactive.dir/home/runner/work/pico-sdk/pico-sdk/lib/lwip/src/core/ipv4/dhcp.c.o
 .text.dhcp_handle_ack.isra.0
                0x1000da80       0xcc CMakeFiles/wpa2_enterprise_interactive.dir/home/runner/work/pico-sdk/pico-sdk/lib/lwip/src/core/ipv4/dhcp.c.o
 .text.dhcp_reboot.isra.0
                0x1000db4c      0x178 CMakeFiles/wpa2_enterprise_interactive.dir/home/runner/work/pico-sdk/pico-sdk/lib/lwip/src/core/ipv4/dhcp.c.o
 .text.dhcp_discover
                0x1000dcc4      0x148 CMakeFiles/wpa2_enterprise_interactive.dir/home/runner/work/pico-sdk/pico-sdk/lib/lwip/src/core/ipv4/dhcp.c.o
 .text.dhcp_select.isra.0
                0x1000de0c      0x1e0 CMakeFiles/wpa2_enterprise_interactive.dir/home/runner/work/pico-sdk/pico-sdk/lib/lwip/src/core/ipv4/dhcp.c.o
 .text.dhcp_recv
                0x1000dfec      0x47c CMakeFiles/wpa2_enterprise_interactive.dir/home/runner/work/pico-sdk/pico-sdk/lib/lwip/src/core/ipv4/dhcp.c.o
 .text.dhcp_set_struct
                0x1000e468       0x44 CMakeFiles/wpa2_enterprise_interactive.dir/home/runner/work/pico-sdk/pico-sdk/lib/lwip/src/core/ipv4/dhcp.c.o
                0x1000e468                dhcp_set_struct
 .text.dhcp_network_changed_link_up
                0x1000e4ac       0x40 CMakeFiles/wpa2_enterprise_interactive.dir/home/runner/work/pico-sdk/pico-sdk/lib/lwip/src/core/ipv4/dhcp.c.o
                0x1000e4ac                dhcp_network_changed_link_up
 .text.dhcp_renew
                0x1000e4ec      0x138 CMakeFiles/wpa2_enterprise_interactive.dir/home/runner/work/pico-sdk/pico-sdk/lib/lwip/src/core/ipv4/dhcp.c.o
                0x1000e4ec                dhcp_renew
 .text.dhcp_release_and_stop
                0x1000e624      0x158 CMakeFiles/wpa2_enterprise_interactive.dir/home/runner/work/pico-sdk/pico-sdk/lib/lwip/src/core/ipv4/dhcp.c.o
                0x1000e624                dhcp_release_and_stop
 .text.dhcp_start
                0x1000e77c       0xb0 CMakeFiles/wpa2_enterprise_interactive.dir/home/runner/work/pico-sdk/pico-sdk/lib/lwip/src/core/ipv4/dhcp.c.o
                0x1000e77c                dhcp_start
 .text.dhcp_coarse_tmr
                0x1000e82c      0x1d8 CMakeFiles/wpa2_enterprise_interactive.dir/home/runner/work/pico-sdk/pico-sdk/lib/lwip/src/core/ipv4/dhcp.c.o
                0x1000e82c                dhcp_coarse_tmr
 .text.dhcp_fine_tmr
                0x1000ea04       0x78 CMakeFiles/wpa2_enterprise_interactive.dir/home/runner/work/pico-sdk/pico-sdk/lib/lwip/src/core/ipv4/dhcp.c.o
                0x1000ea04                dhcp_fine_tmr
 .text.dhcp_stop
                0x1000ea7c      0x158 CMakeFiles/wpa2_enterprise_interactive.dir/home/runner/work/pico-sdk/pico-sdk/lib/lwip/src/core/ipv4/dhcp.c.o
                0x1000ea7c                dhcp_stop
 .text.etharp_find_entry
                0x1000ebd4      0x3c0 CMakeFiles/wpa2_enterprise_interactive.dir/home/runner/work/pico-sdk/pico-sdk/lib/lwip/src/core/ipv4/etharp.c.o
 .text.etharp_raw
                0x1000ef94       0xec CMakeFiles/wpa2_enterprise_interactive.dir/home/runner/work/pico-sdk/pico-sdk/lib/lwip/src/core/ipv4/etharp.c.o
 .text.etharp_output_to_arp_index
                0x1000f080       0xd0 CMakeFiles/wpa2_enterprise_interactive.dir/home/runner/work/pico-sdk/pico-sdk/lib/lwip/src/core/ipv4/etharp.c.o
 .text.etharp_tmr
                0x1000f150       0x94 CMakeFiles/wpa2_enterprise_interactive.dir/home/runner/work/pico-sdk/pico-sdk/lib/lwip/src/core/ipv4/etharp.c.o
                0x1000f150                etharp_tmr
 .text.etharp_cleanup_netif
                0x1000f1e4      0x188 CMakeFiles/wpa2_enterprise_interactive.dir/home/runner/work/pico-sdk/pico-sdk/lib/lwip/src/core/ipv4/etharp.c.o
                0x1000f1e4                etharp_cleanup_netif
 .text.etharp_input
                0x1000f36c      0x1b8 CMakeFiles/wpa2_enterprise_interactive.dir/home/runner/work/pico-sdk/pico-sdk/lib/lwip/src/core/ipv4/etharp.c.o
                0x1000f36c                etharp_input
 .text.etharp_query
                0x1000f524      0x1b8 CMakeFiles/wpa2_enterprise_interactive.dir/home/runner/work/pico-sdk/pico-sdk/lib/lwip/src/core/ipv4/etharp.c.o
                0x1000f524                etharp_query
 .text.etharp_output
                0x1000f6dc      0x24c CMakeFiles/wpa2_enterprise_interactive.dir/home/runner/work/pico-sdk/pico-sdk/lib/lwip/src/core/ipv4/etharp.c.o
                0x1000f6dc                etharp_output
 .text.etharp_request
                0x1000f928       0x2c CMakeFiles/wpa2_enterprise_interactive.dir/home/runner/work/pico-sdk/pico-sdk/lib/lwip/src/core/ipv4/etharp.c.o
                0x1000f928                etharp_request
 .text.icmp_input
                0x1000f954      0x1f0 CMakeFiles/wpa2_enterprise_interactive.dir/home/runner/work/pico-sdk/pico-sdk/lib/lwip/src/core/ipv4/icmp.c.o
                0x1000f954                icmp_input
 .text.icmp_dest_unreach
                0x1000fb44       0xcc CMakeFiles/wpa2_enterprise_interactive.dir/home/runner/work/pico-sdk/pico-sdk/lib/lwip/src/core/ipv4/icmp.c.o
                0x1000fb44                icmp_dest_unreach
 .text.icmp_time_exceeded
                0x1000fc10       0xcc CMakeFiles/wpa2_enterprise_interactive.dir/home/runner/work/pico-sdk/pico-sdk/lib/lwip/src/core/ipv4/icmp.c.o
                0x1000fc10                icmp_time_exceeded
 .text.ip_reass_free_complete_datagram
                0x1000fcdc      0x11c CMakeFiles/wpa2_enterprise_interactive.dir/home/runner/work/pico-sdk/pico-sdk/lib/lwip/src/core/ipv4/ip4_frag.c.o
 .text.ip_reass_remove_oldest_datagram